MPLINK 5.00, LINKER
Linker Map File - Created Wed Oct 14 16:29:48 2015

                                 Section Info
                  Section       Type    Address   Location Size(Bytes)
                ---------  ---------  ---------  ---------  ---------
               _entry_scn       code   0x000000    program   0x000006
           .code___init.o       code   0x000006    program   0x000002
              high_vector       code   0x000008    program   0x000006
         .romdata_c018i.o    romdata   0x00000e    program   0x000000
      .romdata_fxd1616u.o    romdata   0x00000e    program   0x000000
          .idata_main.o_i    romdata   0x00000e    program   0x000008
          .romdata_main.o    romdata   0x00000e    program   0x000000
        .romdata___init.o    romdata   0x00000e    program   0x000000
      .romdata_fxd2424u.o    romdata   0x00000e    program   0x000000
       .romdata_fxm3232.o    romdata   0x00000e    program   0x000000
      .romdata_fxd3232u.o    romdata   0x00000e    program   0x000000
      .idata_fxd1616u.o_i    romdata   0x000016    program   0x000000
      .idata_fxd2424u.o_i    romdata   0x000016    program   0x000000
      .idata_fxd3232u.o_i    romdata   0x000016    program   0x000000
       .idata_fxm3232.o_i    romdata   0x000016    program   0x000000
        .idata___init.o_i    romdata   0x000016    program   0x000000
            .code_c018i.o       code   0x000016    program   0x000000
         .idata_c018i.o_i    romdata   0x000016    program   0x000000
               low_vector       code   0x000018    program   0x000006
                   .cinit    romdata   0x00001e    program   0x00000e
             .code_main.o       code   0x00002c    program   0x000e6a
                     PROG       code   0x000e96    program   0x000190
                   STDLIB       code   0x001026    program   0x000134
               _cinit_scn       code   0x00115a    program   0x00009e
             .stringtable    romdata   0x0011f8    program   0x000084
          .code_fxm3232.o       code   0x00127c    program   0x000070
         .code_fxd3232u.o       code   0x0012ec    program   0x000048
         .code_fxd2424u.o       code   0x001334    program   0x00003a
             D10KTCYXCODE       code   0x00136e    program   0x00002e
         .code_fxd1616u.o       code   0x00139c    program   0x00002c
              D1KTCYXCODE       code   0x0013c8    program   0x000020
                    .code       code   0x0013e8    program   0x000020
             _startup_scn       code   0x001408    program   0x00001c
              D10TCYXCODE       code   0x001424    program   0x000016
    .config_300000_main.o    romdata   0x300000    program   0x000001
    .config_300001_main.o    romdata   0x300001    program   0x000001
    .config_300002_main.o    romdata   0x300002    program   0x000001
    .config_300003_main.o    romdata   0x300003    program   0x000001
    .config_300005_main.o    romdata   0x300005    program   0x000001
    .config_300006_main.o    romdata   0x300006    program   0x000001
    .config_300008_main.o    romdata   0x300008    program   0x000001
    .config_300009_main.o    romdata   0x300009    program   0x000001
    .config_30000a_main.o    romdata   0x30000a    program   0x000001
    .config_30000b_main.o    romdata   0x30000b    program   0x000001
    .config_30000c_main.o    romdata   0x30000c    program   0x000001
    .config_30000d_main.o    romdata   0x30000d    program   0x000001
                 .tmpdata      udata   0x000000       data   0x000016
                MATH_DATA      udata   0x000016       data   0x000014
                DELAYDAT2      udata   0x00002a       data   0x000001
                DELAYDAT1      udata   0x00002b       data   0x000001
            .udata_main.o      udata   0x000060       data   0x00001a
           .udata_c018i.o      udata   0x00007a       data   0x00000a
            .idata_main.o      idata   0x000084       data   0x000008
          .idata___init.o      idata   0x00008c       data   0x000000
          .udata___init.o      udata   0x00008c       data   0x000000
         .idata_fxm3232.o      idata   0x00008c       data   0x000000
         .udata_fxm3232.o      udata   0x00008c       data   0x000000
        .idata_fxd3232u.o      idata   0x00008c       data   0x000000
        .udata_fxd3232u.o      udata   0x00008c       data   0x000000
        .idata_fxd2424u.o      idata   0x00008c       data   0x000000
        .udata_fxd2424u.o      udata   0x00008c       data   0x000000
        .idata_fxd1616u.o      idata   0x00008c       data   0x000000
        .udata_fxd1616u.o      udata   0x00008c       data   0x000000
           .idata_c018i.o      idata   0x00008c       data   0x000000
                   .stack      udata   0x000300       data   0x000100
            SFR_UNBANKED0      udata   0x000f62       data   0x00009e



                              Program Memory Usage 
                               Start         End      
                           ---------   ---------      
                            0x000000    0x000015      
                            0x000018    0x001439      
                            0x300000    0x300003      
                            0x300005    0x300006      
                            0x300008    0x30000d      
            5188 out of 33048 program addresses used, program memory utilization is 15%



                              Symbols - Sorted by Name
                     Name    Address   Location    Storage File                     
                ---------  ---------  ---------  --------- ---------                
                   D10K_1   0x00137a    program     static E:\3.46\pic18-lt\cxx-framework\src\traditional\delays\d10ktcyx.asm
                    D10Kl   0x001386    program     static E:\3.46\pic18-lt\cxx-framework\src\traditional\delays\d10ktcyx.asm
                    D10Kx   0x001378    program     static E:\3.46\pic18-lt\cxx-framework\src\traditional\delays\d10ktcyx.asm
                    D10_1   0x001434    program     static E:\3.46\pic18-lt\cxx-framework\src\traditional\delays\d10tcyx.asm
                     D10x   0x00142c    program     static E:\3.46\pic18-lt\cxx-framework\src\traditional\delays\d10tcyx.asm
                    D1K_1   0x0013d4    program     static E:\3.46\pic18-lt\cxx-framework\src\traditional\delays\d1ktcyx.asm
                     D1Kx   0x0013d2    program     static E:\3.46\pic18-lt\cxx-framework\src\traditional\delays\d1ktcyx.asm
                   D2424S   0x000ec0    program     static E:\3.46\pic18-lt\cxx-framework\src\traditional\math\fxd2424s.asm
                D2424SNEG   0x000ece    program     static E:\3.46\pic18-lt\cxx-framework\src\traditional\math\fxd2424s.asm
                 D2424SOK   0x000eca    program     static E:\3.46\pic18-lt\cxx-framework\src\traditional\math\fxd2424s.asm
                  D2424SX   0x000ee6    program     static E:\3.46\pic18-lt\cxx-framework\src\traditional\math\fxd2424s.asm
                   D3232S   0x000f20    program     static E:\3.46\pic18-lt\cxx-framework\src\traditional\math\fxd3232s.asm
                D3232SNEG   0x000f2e    program     static E:\3.46\pic18-lt\cxx-framework\src\traditional\math\fxd3232s.asm
                 D3232SOK   0x000f2a    program     static E:\3.46\pic18-lt\cxx-framework\src\traditional\math\fxd3232s.asm
                  D3232SX   0x000f4e    program     static E:\3.46\pic18-lt\cxx-framework\src\traditional\math\fxd3232s.asm
                  DA2424S   0x000eac    program     static E:\3.46\pic18-lt\cxx-framework\src\traditional\math\fxd2424s.asm
                  DA3232S   0x000f0a    program     static E:\3.46\pic18-lt\cxx-framework\src\traditional\math\fxd3232s.asm
             Delay10KTCYx   0x00136e    program     extern E:\3.46\pic18-lt\cxx-framework\src\traditional\delays\d10ktcyx.asm
              Delay10TCYx   0x001424    program     extern E:\3.46\pic18-lt\cxx-framework\src\traditional\delays\d10tcyx.asm
              Delay1KTCYx   0x0013c8    program     extern E:\3.46\pic18-lt\cxx-framework\src\traditional\delays\d1ktcyx.asm
                 FXD1616U   0x00139c    program     extern E:\3.46\pic18-lt\cxx-framework\src\traditional\math\fxd1616u.c
                 FXD2424S   0x000e96    program     extern E:\3.46\pic18-lt\cxx-framework\src\traditional\math\fxd2424s.asm
                 FXD2424U   0x001334    program     extern E:\3.46\pic18-lt\cxx-framework\src\traditional\math\fxd2424u.c
                 FXD3232S   0x000ef0    program     extern E:\3.46\pic18-lt\cxx-framework\src\traditional\math\fxd3232s.asm
                 FXD3232U   0x0012ec    program     extern E:\3.46\pic18-lt\cxx-framework\src\traditional\math\fxd3232u.c
                 FXM1616U   0x000f58    program     extern E:\3.46\pic18-lt\cxx-framework\src\traditional\math\fxm1616u.asm
                 FXM2424U   0x000f94    program     extern E:\3.46\pic18-lt\cxx-framework\src\traditional\math\fxm2424u.asm
                  FXM3232   0x00127c    program     extern E:\3.46\pic18-lt\cxx-framework\src\traditional\math\fxm3232.c
                  OneByte   0x001148    program     static E:\3.46\pic18-lt\cxx-framework\src\traditional\stdclib\itobcd.asm
                ProcLower   0x0010fc    program     static E:\3.46\pic18-lt\cxx-framework\src\traditional\stdclib\itoa.asm
                ProcUpper   0x0010f2    program     static E:\3.46\pic18-lt\cxx-framework\src\traditional\stdclib\itoa.asm
                 TstLower   0x0010e6    program     static E:\3.46\pic18-lt\cxx-framework\src\traditional\stdclib\itoa.asm
                 TstUpper   0x0010e0    program     static E:\3.46\pic18-lt\cxx-framework\src\traditional\stdclib\itoa.asm
       _D10KTCYXCODE_0010   0x00137e    program     static E:\3.46\pic18-lt\cxx-framework\src\traditional\delays\d10ktcyx.asm
       _D10KTCYXCODE_001C   0x00138a    program     static E:\3.46\pic18-lt\cxx-framework\src\traditional\delays\d10ktcyx.asm
        _D10TCYXCODE_000A   0x00142e    program     static E:\3.46\pic18-lt\cxx-framework\src\traditional\delays\d10tcyx.asm
        _D10TCYXCODE_000C   0x001430    program     static E:\3.46\pic18-lt\cxx-framework\src\traditional\delays\d10tcyx.asm
        _D10TCYXCODE_000E   0x001432    program     static E:\3.46\pic18-lt\cxx-framework\src\traditional\delays\d10tcyx.asm
        _D1KTCYXCODE_0010   0x0013d8    program     static E:\3.46\pic18-lt\cxx-framework\src\traditional\delays\d1ktcyx.asm
        _D1KTCYXCODE_0016   0x0013de    program     static E:\3.46\pic18-lt\cxx-framework\src\traditional\delays\d1ktcyx.asm
       ___return_lbl00000   0x001332    program     static                          
       ___return_lbl00000   0x00136c    program     static                          
       ___return_lbl00000   0x000004    program     static                          
       ___return_lbl00000   0x0012ea    program     static                          
       ___return_lbl00000   0x0013c6    program     static                          
       ___return_lbl00001   0x001422    program     static                          
       ___return_lbl00002   0x00000c    program     static                          
       ___return_lbl00002   0x0011f6    program     static                          
       ___return_lbl00005   0x00001c    program     static                          
               __config_0   0x300000    program     static C:\Users\LAI 02\Documents\AUTOFIGI\Alimentador.X\main.c
               __config_1   0x300001    program     static C:\Users\LAI 02\Documents\AUTOFIGI\Alimentador.X\main.c
              __config_10   0x30000c    program     static C:\Users\LAI 02\Documents\AUTOFIGI\Alimentador.X\main.c
              __config_11   0x30000d    program     static C:\Users\LAI 02\Documents\AUTOFIGI\Alimentador.X\main.c
               __config_2   0x300002    program     static C:\Users\LAI 02\Documents\AUTOFIGI\Alimentador.X\main.c
               __config_3   0x300003    program     static C:\Users\LAI 02\Documents\AUTOFIGI\Alimentador.X\main.c
               __config_4   0x300005    program     static C:\Users\LAI 02\Documents\AUTOFIGI\Alimentador.X\main.c
               __config_5   0x300006    program     static C:\Users\LAI 02\Documents\AUTOFIGI\Alimentador.X\main.c
               __config_6   0x300008    program     static C:\Users\LAI 02\Documents\AUTOFIGI\Alimentador.X\main.c
               __config_7   0x300009    program     static C:\Users\LAI 02\Documents\AUTOFIGI\Alimentador.X\main.c
               __config_8   0x30000a    program     static C:\Users\LAI 02\Documents\AUTOFIGI\Alimentador.X\main.c
               __config_9   0x30000b    program     static C:\Users\LAI 02\Documents\AUTOFIGI\Alimentador.X\main.c
                   __init   0x000006    program     extern E:\3.46\pic18-lt\cxx-framework\src\traditional\stdclib\__init.c
                   __pa_0   0x000bac    program     static C:\Users\LAI 02\Documents\AUTOFIGI\Alimentador.X\main.c
                   __pa_1   0x000c08    program     static C:\Users\LAI 02\Documents\AUTOFIGI\Alimentador.X\main.c
                  __pa_10   0x000c9a    program     static C:\Users\LAI 02\Documents\AUTOFIGI\Alimentador.X\inc\lcd.h
                  __pa_11   0x000ca4    program     static C:\Users\LAI 02\Documents\AUTOFIGI\Alimentador.X\inc\interrupts.h
                  __pa_12   0x000cce    program     static C:\Users\LAI 02\Documents\AUTOFIGI\Alimentador.X\main.c
                  __pa_13   0x000ce0    program     static C:\Users\LAI 02\Documents\AUTOFIGI\Alimentador.X\inc\interrupts.h
                  __pa_14   0x000d06    program     static C:\Users\LAI 02\Documents\AUTOFIGI\Alimentador.X\inc\lcd.h
                  __pa_15   0x000d26    program     static C:\Users\LAI 02\Documents\AUTOFIGI\Alimentador.X\main.c
                  __pa_16   0x000d34    program     static C:\Users\LAI 02\Documents\AUTOFIGI\Alimentador.X\main.c
                  __pa_17   0x000d42    program     static C:\Users\LAI 02\Documents\AUTOFIGI\Alimentador.X\main.c
                  __pa_18   0x000d48    program     static C:\Users\LAI 02\Documents\AUTOFIGI\Alimentador.X\main.c
                  __pa_19   0x000d52    program     static C:\Users\LAI 02\Documents\AUTOFIGI\Alimentador.X\main.c
                   __pa_2   0x000c28    program     static C:\Users\LAI 02\Documents\AUTOFIGI\Alimentador.X\main.c
                  __pa_20   0x000d62    program     static C:\Users\LAI 02\Documents\AUTOFIGI\Alimentador.X\main.c
                  __pa_21   0x000d6c    program     static C:\Users\LAI 02\Documents\AUTOFIGI\Alimentador.X\main.c
                  __pa_22   0x000d82    program     static C:\Users\LAI 02\Documents\AUTOFIGI\Alimentador.X\main.c
                  __pa_23   0x000d8a    program     static C:\Users\LAI 02\Documents\AUTOFIGI\Alimentador.X\inc\lcd.h
                  __pa_24   0x000d9c    program     static C:\Users\LAI 02\Documents\AUTOFIGI\Alimentador.X\main.c
                  __pa_25   0x000da8    program     static C:\Users\LAI 02\Documents\AUTOFIGI\Alimentador.X\inc\lcd.h
                  __pa_26   0x000db8    program     static C:\Users\LAI 02\Documents\AUTOFIGI\Alimentador.X\inc\lcd.h
                  __pa_27   0x000dc8    program     static C:\Users\LAI 02\Documents\AUTOFIGI\Alimentador.X\inc\timers.h
                  __pa_28   0x000dd6    program     static C:\Users\LAI 02\Documents\AUTOFIGI\Alimentador.X\inc\lcd.h
                  __pa_29   0x000de4    program     static C:\Users\LAI 02\Documents\AUTOFIGI\Alimentador.X\main.c
                   __pa_3   0x000c2e    program     static C:\Users\LAI 02\Documents\AUTOFIGI\Alimentador.X\main.c
                  __pa_30   0x000dee    program     static C:\Users\LAI 02\Documents\AUTOFIGI\Alimentador.X\main.c
                  __pa_31   0x000df8    program     static C:\Users\LAI 02\Documents\AUTOFIGI\Alimentador.X\main.c
                  __pa_32   0x000e08    program     static C:\Users\LAI 02\Documents\AUTOFIGI\Alimentador.X\main.c
                  __pa_33   0x000e10    program     static C:\Users\LAI 02\Documents\AUTOFIGI\Alimentador.X\main.c
                  __pa_34   0x000e18    program     static C:\Users\LAI 02\Documents\AUTOFIGI\Alimentador.X\main.c
                  __pa_35   0x000e24    program     static C:\Users\LAI 02\Documents\AUTOFIGI\Alimentador.X\main.c
                  __pa_36   0x000e2e    program     static C:\Users\LAI 02\Documents\AUTOFIGI\Alimentador.X\main.c
                  __pa_37   0x000e3c    program     static C:\Users\LAI 02\Documents\AUTOFIGI\Alimentador.X\main.c
                  __pa_38   0x000e4a    program     static C:\Users\LAI 02\Documents\AUTOFIGI\Alimentador.X\main.c
                  __pa_39   0x000e58    program     static C:\Users\LAI 02\Documents\AUTOFIGI\Alimentador.X\main.c
                   __pa_4   0x000c46    program     static C:\Users\LAI 02\Documents\AUTOFIGI\Alimentador.X\main.c
                  __pa_40   0x000e66    program     static C:\Users\LAI 02\Documents\AUTOFIGI\Alimentador.X\main.c
                  __pa_41   0x000e6e    program     static C:\Users\LAI 02\Documents\AUTOFIGI\Alimentador.X\inc\lcd.h
                  __pa_42   0x000e78    program     static C:\Users\LAI 02\Documents\AUTOFIGI\Alimentador.X\main.c
                  __pa_43   0x000e82    program     static C:\Users\LAI 02\Documents\AUTOFIGI\Alimentador.X\main.c
                  __pa_44   0x000e8a    program     static C:\Users\LAI 02\Documents\AUTOFIGI\Alimentador.X\main.c
                  __pa_45   0x000e90    program     static C:\Users\LAI 02\Documents\AUTOFIGI\Alimentador.X\main.c
                   __pa_5   0x000c60    program     static C:\Users\LAI 02\Documents\AUTOFIGI\Alimentador.X\main.c
                   __pa_6   0x000c6a    program     static C:\Users\LAI 02\Documents\AUTOFIGI\Alimentador.X\main.c
                   __pa_7   0x000c72    program     static C:\Users\LAI 02\Documents\AUTOFIGI\Alimentador.X\main.c
                   __pa_8   0x000c7e    program     static C:\Users\LAI 02\Documents\AUTOFIGI\Alimentador.X\main.c
                   __pa_9   0x000c8c    program     static C:\Users\LAI 02\Documents\AUTOFIGI\Alimentador.X\main.c
               __string_0   0x001270    program     static C:\Users\LAI 02\Documents\AUTOFIGI\Alimentador.X\main.c
               __string_1   0x001267    program     static C:\Users\LAI 02\Documents\AUTOFIGI\Alimentador.X\main.c
              __string_10   0x001209    program     static C:\Users\LAI 02\Documents\AUTOFIGI\Alimentador.X\main.c
              __string_11   0x001207    program     static C:\Users\LAI 02\Documents\AUTOFIGI\Alimentador.X\main.c
              __string_12   0x0011f8    program     static C:\Users\LAI 02\Documents\AUTOFIGI\Alimentador.X\main.c
               __string_2   0x001259    program     static C:\Users\LAI 02\Documents\AUTOFIGI\Alimentador.X\main.c
               __string_3   0x00124e    program     static C:\Users\LAI 02\Documents\AUTOFIGI\Alimentador.X\main.c
               __string_4   0x001242    program     static C:\Users\LAI 02\Documents\AUTOFIGI\Alimentador.X\main.c
               __string_5   0x001234    program     static C:\Users\LAI 02\Documents\AUTOFIGI\Alimentador.X\main.c
               __string_6   0x00122b    program     static C:\Users\LAI 02\Documents\AUTOFIGI\Alimentador.X\main.c
               __string_7   0x001220    program     static C:\Users\LAI 02\Documents\AUTOFIGI\Alimentador.X\main.c
               __string_8   0x00121e    program     static C:\Users\LAI 02\Documents\AUTOFIGI\Alimentador.X\main.c
               __string_9   0x001213    program     static C:\Users\LAI 02\Documents\AUTOFIGI\Alimentador.X\main.c
              __tmplbl_11   0x000c6a    program     static                          
              __tmplbl_13   0x000c6a    program     static                          
              __tmplbl_14   0x000c6a    program     static                          
              __tmplbl_15   0x000c6a    program     static                          
              __tmplbl_16   0x000c6a    program     static                          
              __tmplbl_17   0x000c6a    program     static                          
              __tmplbl_18   0x000c6a    program     static                          
              __tmplbl_19   0x000c6a    program     static                          
              __tmplbl_20   0x000c6a    program     static                          
              __tmplbl_21   0x000c6a    program     static                          
              __tmplbl_24   0x000c6a    program     static                          
              __tmplbl_26   0x000c6a    program     static                          
              __tmplbl_28   0x000c6a    program     static                          
              __tmplbl_30   0x000c6a    program     static                          
              __tmplbl_31   0x000c6a    program     static                          
            __zero_memory   0x0013e8    program     extern E:\3.46\pic18-lt\cxx-framework\src\traditional\proc\p18f4550.asm
                _do_cinit   0x00115a    program     extern E:\3.46\pic18-lt\cxx-framework\src\traditional\startup\c018i.c
                   _entry   0x000000    program     extern E:\3.46\pic18-lt\cxx-framework\src\traditional\startup\c018i.c
                   _false   0x00132e    program     static                          
                   _false   0x001368    program     static                          
                 _startup   0x001408    program     extern E:\3.46\pic18-lt\cxx-framework\src\traditional\startup\c018i.c
                compare_l   0x0013fe    program     static E:\3.46\pic18-lt\cxx-framework\src\traditional\proc\p18f4550.asm
                configure   0x00056e    program     extern C:\Users\LAI 02\Documents\AUTOFIGI\Alimentador.X\main.c
             convert_time   0x0006e8    program     extern C:\Users\LAI 02\Documents\AUTOFIGI\Alimentador.X\main.c
                copy_loop   0x0011cc    program     static                          
            copy_one_byte   0x0011d2    program     static                          
            counter1_init   0x00016c    program     extern C:\Users\LAI 02\Documents\AUTOFIGI\Alimentador.X\inc\timers.h
                     done   0x0011f6    program     static                          
             done_copying   0x0011e0    program     static                          
                  endloop   0x0013c2    program     static                          
               gira_motor   0x000b7a    program     extern C:\Users\LAI 02\Documents\AUTOFIGI\Alimentador.X\main.c
                 high_isr   0x000052    program     extern C:\Users\LAI 02\Documents\AUTOFIGI\Alimentador.X\inc\interrupts.h
                 int0_isr   0x000412    program     extern C:\Users\LAI 02\Documents\AUTOFIGI\Alimentador.X\main.c
 interrupt_at_high_vector   0x000008    program     extern C:\Users\LAI 02\Documents\AUTOFIGI\Alimentador.X\inc\interrupts.h
  interrupt_at_low_vector   0x000018    program     extern C:\Users\LAI 02\Documents\AUTOFIGI\Alimentador.X\inc\interrupts.h
                 isr_init   0x00003a    program     extern C:\Users\LAI 02\Documents\AUTOFIGI\Alimentador.X\inc\interrupts.h
                   itoBCD   0x001106    program     extern E:\3.46\pic18-lt\cxx-framework\src\traditional\stdclib\itobcd.asm
                     itoa   0x001026    program     extern E:\3.46\pic18-lt\cxx-framework\src\traditional\stdclib\itoa.asm
                     jDo1   0x0010ac    program     static E:\3.46\pic18-lt\cxx-framework\src\traditional\stdclib\itoa.asm
                     jDo2   0x0010a8    program     static E:\3.46\pic18-lt\cxx-framework\src\traditional\stdclib\itoa.asm
                     jDo3   0x0010a4    program     static E:\3.46\pic18-lt\cxx-framework\src\traditional\stdclib\itoa.asm
                     jDo4   0x0010a0    program     static E:\3.46\pic18-lt\cxx-framework\src\traditional\stdclib\itoa.asm
                     jDo5   0x00109c    program     static E:\3.46\pic18-lt\cxx-framework\src\traditional\stdclib\itoa.asm
                     jEnd   0x001144    program     static E:\3.46\pic18-lt\cxx-framework\src\traditional\stdclib\itobcd.asm
                    jLoop   0x00111e    program     static E:\3.46\pic18-lt\cxx-framework\src\traditional\stdclib\itobcd.asm
                jTstLowZ1   0x0010f0    program     static E:\3.46\pic18-lt\cxx-framework\src\traditional\stdclib\itoa.asm
                jTstSign1   0x001052    program     static E:\3.46\pic18-lt\cxx-framework\src\traditional\stdclib\itoa.asm
                lcd_clear   0x0002be    program     extern C:\Users\LAI 02\Documents\AUTOFIGI\Alimentador.X\inc\lcd.h
                 lcd_goto   0x000294    program     extern C:\Users\LAI 02\Documents\AUTOFIGI\Alimentador.X\inc\lcd.h
                 lcd_init   0x0002d2    program     extern C:\Users\LAI 02\Documents\AUTOFIGI\Alimentador.X\inc\lcd.h
                  lcd_put   0x0001a8    program     extern C:\Users\LAI 02\Documents\AUTOFIGI\Alimentador.X\inc\lcd.h
               lcd_putBCD   0x0001fe    program     extern C:\Users\LAI 02\Documents\AUTOFIGI\Alimentador.X\inc\lcd.h
                 lcd_putc   0x0001ea    program     extern C:\Users\LAI 02\Documents\AUTOFIGI\Alimentador.X\inc\lcd.h
                 lcd_puti   0x000244    program     extern C:\Users\LAI 02\Documents\AUTOFIGI\Alimentador.X\inc\lcd.h
                 lcd_puts   0x0001ca    program     extern C:\Users\LAI 02\Documents\AUTOFIGI\Alimentador.X\inc\lcd.h
                lcd_write   0x000266    program     extern C:\Users\LAI 02\Documents\AUTOFIGI\Alimentador.X\inc\lcd.h
                     loop   0x001340    program     static                          
                     loop   0x0013a6    program     static                          
                     loop   0x001418    program     static                          
                     loop   0x0012fa    program     static                          
                   loop_h   0x0013f6    program     static E:\3.46\pic18-lt\cxx-framework\src\traditional\proc\p18f4550.asm
                   loop_l   0x001400    program     static E:\3.46\pic18-lt\cxx-framework\src\traditional\proc\p18f4550.asm
                  low_isr   0x0000a8    program     extern C:\Users\LAI 02\Documents\AUTOFIGI\Alimentador.X\inc\interrupts.h
                     main   0x000518    program     extern C:\Users\LAI 02\Documents\AUTOFIGI\Alimentador.X\main.c
                 mcu_init   0x00002c    program     extern C:\Users\LAI 02\Documents\AUTOFIGI\Alimentador.X\inc\mcu_config.h
                pwm1_init   0x0003ee    program     extern C:\Users\LAI 02\Documents\AUTOFIGI\Alimentador.X\inc\pwm.h
                pwm2_init   0x000400    program     extern C:\Users\LAI 02\Documents\AUTOFIGI\Alimentador.X\inc\pwm.h
                 seg2hour   0x0009b2    program     extern C:\Users\LAI 02\Documents\AUTOFIGI\Alimentador.X\main.c
                     test   0x001174    program     static                          
              timer0_init   0x00011a    program     extern C:\Users\LAI 02\Documents\AUTOFIGI\Alimentador.X\inc\timers.h
               timer0_isr   0x000446    program     extern C:\Users\LAI 02\Documents\AUTOFIGI\Alimentador.X\main.c
              timer0_wait   0x000144    program     extern C:\Users\LAI 02\Documents\AUTOFIGI\Alimentador.X\inc\timers.h
              timer3_init   0x00017a    program     extern C:\Users\LAI 02\Documents\AUTOFIGI\Alimentador.X\inc\timers.h
               timer3_isr   0x0004aa    program     extern C:\Users\LAI 02\Documents\AUTOFIGI\Alimentador.X\main.c
                updatelcd   0x000804    program     extern C:\Users\LAI 02\Documents\AUTOFIGI\Alimentador.X\main.c
               usart_getc   0x00031a    program     extern C:\Users\LAI 02\Documents\AUTOFIGI\Alimentador.X\inc\serial.h
               usart_gets   0x000324    program     extern C:\Users\LAI 02\Documents\AUTOFIGI\Alimentador.X\inc\serial.h
               usart_init   0x000300    program     extern C:\Users\LAI 02\Documents\AUTOFIGI\Alimentador.X\inc\serial.h
                usart_put   0x00038a    program     extern C:\Users\LAI 02\Documents\AUTOFIGI\Alimentador.X\inc\serial.h
               usart_putc   0x000378    program     extern C:\Users\LAI 02\Documents\AUTOFIGI\Alimentador.X\inc\serial.h
               usart_puti   0x0003cc    program     extern C:\Users\LAI 02\Documents\AUTOFIGI\Alimentador.X\inc\serial.h
               usart_puts   0x0003ac    program     extern C:\Users\LAI 02\Documents\AUTOFIGI\Alimentador.X\inc\serial.h
               zero_block   0x0013f6    program     static E:\3.46\pic18-lt\cxx-framework\src\traditional\proc\p18f4550.asm
                   ADCON0   0x000fc2       data     extern E:\3.46\pic18-lt\cxx-framework\src\traditional\proc\p18f4550.asm
               ADCON0bits   0x000fc2       data     extern E:\3.46\pic18-lt\cxx-framework\src\traditional\proc\p18f4550.asm
                   ADCON1   0x000fc1       data     extern E:\3.46\pic18-lt\cxx-framework\src\traditional\proc\p18f4550.asm
               ADCON1bits   0x000fc1       data     extern E:\3.46\pic18-lt\cxx-framework\src\traditional\proc\p18f4550.asm
                   ADCON2   0x000fc0       data     extern E:\3.46\pic18-lt\cxx-framework\src\traditional\proc\p18f4550.asm
               ADCON2bits   0x000fc0       data     extern E:\3.46\pic18-lt\cxx-framework\src\traditional\proc\p18f4550.asm
                    ADRES   0x000fc3       data     extern E:\3.46\pic18-lt\cxx-framework\src\traditional\proc\p18f4550.asm
                   ADRESH   0x000fc4       data     extern E:\3.46\pic18-lt\cxx-framework\src\traditional\proc\p18f4550.asm
                   ADRESL   0x000fc3       data     extern E:\3.46\pic18-lt\cxx-framework\src\traditional\proc\p18f4550.asm
                  BAUDCON   0x000fb8       data     extern E:\3.46\pic18-lt\cxx-framework\src\traditional\proc\p18f4550.asm
              BAUDCONbits   0x000fb8       data     extern E:\3.46\pic18-lt\cxx-framework\src\traditional\proc\p18f4550.asm
                  BAUDCTL   0x000fb8       data     extern E:\3.46\pic18-lt\cxx-framework\src\traditional\proc\p18f4550.asm
              BAUDCTLbits   0x000fb8       data     extern E:\3.46\pic18-lt\cxx-framework\src\traditional\proc\p18f4550.asm
                      BSR   0x000fe0       data     extern E:\3.46\pic18-lt\cxx-framework\src\traditional\proc\p18f4550.asm
                   CCP1AS   0x000fb6       data     extern E:\3.46\pic18-lt\cxx-framework\src\traditional\proc\p18f4550.asm
               CCP1ASbits   0x000fb6       data     extern E:\3.46\pic18-lt\cxx-framework\src\traditional\proc\p18f4550.asm
                  CCP1CON   0x000fbd       data     extern E:\3.46\pic18-lt\cxx-framework\src\traditional\proc\p18f4550.asm
              CCP1CONbits   0x000fbd       data     extern E:\3.46\pic18-lt\cxx-framework\src\traditional\proc\p18f4550.asm
                  CCP1DEL   0x000fb7       data     extern E:\3.46\pic18-lt\cxx-framework\src\traditional\proc\p18f4550.asm
              CCP1DELbits   0x000fb7       data     extern E:\3.46\pic18-lt\cxx-framework\src\traditional\proc\p18f4550.asm
                  CCP2CON   0x000fba       data     extern E:\3.46\pic18-lt\cxx-framework\src\traditional\proc\p18f4550.asm
              CCP2CONbits   0x000fba       data     extern E:\3.46\pic18-lt\cxx-framework\src\traditional\proc\p18f4550.asm
                    CCPR1   0x000fbe       data     extern E:\3.46\pic18-lt\cxx-framework\src\traditional\proc\p18f4550.asm
                   CCPR1H   0x000fbf       data     extern E:\3.46\pic18-lt\cxx-framework\src\traditional\proc\p18f4550.asm
                   CCPR1L   0x000fbe       data     extern E:\3.46\pic18-lt\cxx-framework\src\traditional\proc\p18f4550.asm
                    CCPR2   0x000fbb       data     extern E:\3.46\pic18-lt\cxx-framework\src\traditional\proc\p18f4550.asm
                   CCPR2H   0x000fbc       data     extern E:\3.46\pic18-lt\cxx-framework\src\traditional\proc\p18f4550.asm
                   CCPR2L   0x000fbb       data     extern E:\3.46\pic18-lt\cxx-framework\src\traditional\proc\p18f4550.asm
                    CMCON   0x000fb4       data     extern E:\3.46\pic18-lt\cxx-framework\src\traditional\proc\p18f4550.asm
                CMCONbits   0x000fb4       data     extern E:\3.46\pic18-lt\cxx-framework\src\traditional\proc\p18f4550.asm
                   CVRCON   0x000fb5       data     extern E:\3.46\pic18-lt\cxx-framework\src\traditional\proc\p18f4550.asm
               CVRCONbits   0x000fb5       data     extern E:\3.46\pic18-lt\cxx-framework\src\traditional\proc\p18f4550.asm
                     DDRA   0x000f92       data     extern E:\3.46\pic18-lt\cxx-framework\src\traditional\proc\p18f4550.asm
                 DDRAbits   0x000f92       data     extern E:\3.46\pic18-lt\cxx-framework\src\traditional\proc\p18f4550.asm
                     DDRB   0x000f93       data     extern E:\3.46\pic18-lt\cxx-framework\src\traditional\proc\p18f4550.asm
                 DDRBbits   0x000f93       data     extern E:\3.46\pic18-lt\cxx-framework\src\traditional\proc\p18f4550.asm
                     DDRC   0x000f94       data     extern E:\3.46\pic18-lt\cxx-framework\src\traditional\proc\p18f4550.asm
                 DDRCbits   0x000f94       data     extern E:\3.46\pic18-lt\cxx-framework\src\traditional\proc\p18f4550.asm
                     DDRD   0x000f95       data     extern E:\3.46\pic18-lt\cxx-framework\src\traditional\proc\p18f4550.asm
                 DDRDbits   0x000f95       data     extern E:\3.46\pic18-lt\cxx-framework\src\traditional\proc\p18f4550.asm
                     DDRE   0x000f96       data     extern E:\3.46\pic18-lt\cxx-framework\src\traditional\proc\p18f4550.asm
                 DDREbits   0x000f96       data     extern E:\3.46\pic18-lt\cxx-framework\src\traditional\proc\p18f4550.asm
            DelayCounter1   0x00002b       data     extern E:\3.46\pic18-lt\cxx-framework\src\traditional\delays\delayd1.asm
            DelayCounter2   0x00002a       data     extern E:\3.46\pic18-lt\cxx-framework\src\traditional\delays\delayd2.asm
                  ECCP1AS   0x000fb6       data     extern E:\3.46\pic18-lt\cxx-framework\src\traditional\proc\p18f4550.asm
              ECCP1ASbits   0x000fb6       data     extern E:\3.46\pic18-lt\cxx-framework\src\traditional\proc\p18f4550.asm
                 ECCP1CON   0x000fbd       data     extern E:\3.46\pic18-lt\cxx-framework\src\traditional\proc\p18f4550.asm
             ECCP1CONbits   0x000fbd       data     extern E:\3.46\pic18-lt\cxx-framework\src\traditional\proc\p18f4550.asm
                 ECCP1DEL   0x000fb7       data     extern E:\3.46\pic18-lt\cxx-framework\src\traditional\proc\p18f4550.asm
             ECCP1DELbits   0x000fb7       data     extern E:\3.46\pic18-lt\cxx-framework\src\traditional\proc\p18f4550.asm
                    EEADR   0x000fa9       data     extern E:\3.46\pic18-lt\cxx-framework\src\traditional\proc\p18f4550.asm
                   EECON1   0x000fa6       data     extern E:\3.46\pic18-lt\cxx-framework\src\traditional\proc\p18f4550.asm
               EECON1bits   0x000fa6       data     extern E:\3.46\pic18-lt\cxx-framework\src\traditional\proc\p18f4550.asm
                   EECON2   0x000fa7       data     extern E:\3.46\pic18-lt\cxx-framework\src\traditional\proc\p18f4550.asm
                   EEDATA   0x000fa8       data     extern E:\3.46\pic18-lt\cxx-framework\src\traditional\proc\p18f4550.asm
                     FSR0   0x000fe9       data     extern E:\3.46\pic18-lt\cxx-framework\src\traditional\proc\p18f4550.asm
                    FSR0H   0x000fea       data     extern E:\3.46\pic18-lt\cxx-framework\src\traditional\proc\p18f4550.asm
                    FSR0L   0x000fe9       data     extern E:\3.46\pic18-lt\cxx-framework\src\traditional\proc\p18f4550.asm
                     FSR1   0x000fe1       data     extern E:\3.46\pic18-lt\cxx-framework\src\traditional\proc\p18f4550.asm
                    FSR1H   0x000fe2       data     extern E:\3.46\pic18-lt\cxx-framework\src\traditional\proc\p18f4550.asm
                    FSR1L   0x000fe1       data     extern E:\3.46\pic18-lt\cxx-framework\src\traditional\proc\p18f4550.asm
                     FSR2   0x000fd9       data     extern E:\3.46\pic18-lt\cxx-framework\src\traditional\proc\p18f4550.asm
                    FSR2H   0x000fda       data     extern E:\3.46\pic18-lt\cxx-framework\src\traditional\proc\p18f4550.asm
                    FSR2L   0x000fd9       data     extern E:\3.46\pic18-lt\cxx-framework\src\traditional\proc\p18f4550.asm
                  HLVDCON   0x000fd2       data     extern E:\3.46\pic18-lt\cxx-framework\src\traditional\proc\p18f4550.asm
              HLVDCONbits   0x000fd2       data     extern E:\3.46\pic18-lt\cxx-framework\src\traditional\proc\p18f4550.asm
                    INDF0   0x000fef       data     extern E:\3.46\pic18-lt\cxx-framework\src\traditional\proc\p18f4550.asm
                    INDF1   0x000fe7       data     extern E:\3.46\pic18-lt\cxx-framework\src\traditional\proc\p18f4550.asm
                    INDF2   0x000fdf       data     extern E:\3.46\pic18-lt\cxx-framework\src\traditional\proc\p18f4550.asm
                   INTCON   0x000ff2       data     extern E:\3.46\pic18-lt\cxx-framework\src\traditional\proc\p18f4550.asm
                  INTCON2   0x000ff1       data     extern E:\3.46\pic18-lt\cxx-framework\src\traditional\proc\p18f4550.asm
              INTCON2bits   0x000ff1       data     extern E:\3.46\pic18-lt\cxx-framework\src\traditional\proc\p18f4550.asm
                  INTCON3   0x000ff0       data     extern E:\3.46\pic18-lt\cxx-framework\src\traditional\proc\p18f4550.asm
              INTCON3bits   0x000ff0       data     extern E:\3.46\pic18-lt\cxx-framework\src\traditional\proc\p18f4550.asm
               INTCONbits   0x000ff2       data     extern E:\3.46\pic18-lt\cxx-framework\src\traditional\proc\p18f4550.asm
                     IPR1   0x000f9f       data     extern E:\3.46\pic18-lt\cxx-framework\src\traditional\proc\p18f4550.asm
                 IPR1bits   0x000f9f       data     extern E:\3.46\pic18-lt\cxx-framework\src\traditional\proc\p18f4550.asm
                     IPR2   0x000fa2       data     extern E:\3.46\pic18-lt\cxx-framework\src\traditional\proc\p18f4550.asm
                 IPR2bits   0x000fa2       data     extern E:\3.46\pic18-lt\cxx-framework\src\traditional\proc\p18f4550.asm
                     LATA   0x000f89       data     extern E:\3.46\pic18-lt\cxx-framework\src\traditional\proc\p18f4550.asm
                 LATAbits   0x000f89       data     extern E:\3.46\pic18-lt\cxx-framework\src\traditional\proc\p18f4550.asm
                     LATB   0x000f8a       data     extern E:\3.46\pic18-lt\cxx-framework\src\traditional\proc\p18f4550.asm
                 LATBbits   0x000f8a       data     extern E:\3.46\pic18-lt\cxx-framework\src\traditional\proc\p18f4550.asm
                     LATC   0x000f8b       data     extern E:\3.46\pic18-lt\cxx-framework\src\traditional\proc\p18f4550.asm
                 LATCbits   0x000f8b       data     extern E:\3.46\pic18-lt\cxx-framework\src\traditional\proc\p18f4550.asm
                     LATD   0x000f8c       data     extern E:\3.46\pic18-lt\cxx-framework\src\traditional\proc\p18f4550.asm
                 LATDbits   0x000f8c       data     extern E:\3.46\pic18-lt\cxx-framework\src\traditional\proc\p18f4550.asm
                     LATE   0x000f8d       data     extern E:\3.46\pic18-lt\cxx-framework\src\traditional\proc\p18f4550.asm
                 LATEbits   0x000f8d       data     extern E:\3.46\pic18-lt\cxx-framework\src\traditional\proc\p18f4550.asm
                   LVDCON   0x000fd2       data     extern E:\3.46\pic18-lt\cxx-framework\src\traditional\proc\p18f4550.asm
               LVDCONbits   0x000fd2       data     extern E:\3.46\pic18-lt\cxx-framework\src\traditional\proc\p18f4550.asm
                   OSCCON   0x000fd3       data     extern E:\3.46\pic18-lt\cxx-framework\src\traditional\proc\p18f4550.asm
               OSCCONbits   0x000fd3       data     extern E:\3.46\pic18-lt\cxx-framework\src\traditional\proc\p18f4550.asm
                  OSCTUNE   0x000f9b       data     extern E:\3.46\pic18-lt\cxx-framework\src\traditional\proc\p18f4550.asm
              OSCTUNEbits   0x000f9b       data     extern E:\3.46\pic18-lt\cxx-framework\src\traditional\proc\p18f4550.asm
                       PC   0x000ff9       data     extern E:\3.46\pic18-lt\cxx-framework\src\traditional\proc\p18f4550.asm
                      PCL   0x000ff9       data     extern E:\3.46\pic18-lt\cxx-framework\src\traditional\proc\p18f4550.asm
                   PCLATH   0x000ffa       data     extern E:\3.46\pic18-lt\cxx-framework\src\traditional\proc\p18f4550.asm
                   PCLATU   0x000ffb       data     extern E:\3.46\pic18-lt\cxx-framework\src\traditional\proc\p18f4550.asm
                     PIE1   0x000f9d       data     extern E:\3.46\pic18-lt\cxx-framework\src\traditional\proc\p18f4550.asm
                 PIE1bits   0x000f9d       data     extern E:\3.46\pic18-lt\cxx-framework\src\traditional\proc\p18f4550.asm
                     PIE2   0x000fa0       data     extern E:\3.46\pic18-lt\cxx-framework\src\traditional\proc\p18f4550.asm
                 PIE2bits   0x000fa0       data     extern E:\3.46\pic18-lt\cxx-framework\src\traditional\proc\p18f4550.asm
                     PIR1   0x000f9e       data     extern E:\3.46\pic18-lt\cxx-framework\src\traditional\proc\p18f4550.asm
                 PIR1bits   0x000f9e       data     extern E:\3.46\pic18-lt\cxx-framework\src\traditional\proc\p18f4550.asm
                     PIR2   0x000fa1       data     extern E:\3.46\pic18-lt\cxx-framework\src\traditional\proc\p18f4550.asm
                 PIR2bits   0x000fa1       data     extern E:\3.46\pic18-lt\cxx-framework\src\traditional\proc\p18f4550.asm
                   PLUSW0   0x000feb       data     extern E:\3.46\pic18-lt\cxx-framework\src\traditional\proc\p18f4550.asm
                   PLUSW1   0x000fe3       data     extern E:\3.46\pic18-lt\cxx-framework\src\traditional\proc\p18f4550.asm
                   PLUSW2   0x000fdb       data     extern E:\3.46\pic18-lt\cxx-framework\src\traditional\proc\p18f4550.asm
                    PORTA   0x000f80       data     extern E:\3.46\pic18-lt\cxx-framework\src\traditional\proc\p18f4550.asm
                PORTAbits   0x000f80       data     extern E:\3.46\pic18-lt\cxx-framework\src\traditional\proc\p18f4550.asm
                    PORTB   0x000f81       data     extern E:\3.46\pic18-lt\cxx-framework\src\traditional\proc\p18f4550.asm
                PORTBbits   0x000f81       data     extern E:\3.46\pic18-lt\cxx-framework\src\traditional\proc\p18f4550.asm
                    PORTC   0x000f82       data     extern E:\3.46\pic18-lt\cxx-framework\src\traditional\proc\p18f4550.asm
                PORTCbits   0x000f82       data     extern E:\3.46\pic18-lt\cxx-framework\src\traditional\proc\p18f4550.asm
                    PORTD   0x000f83       data     extern E:\3.46\pic18-lt\cxx-framework\src\traditional\proc\p18f4550.asm
                PORTDbits   0x000f83       data     extern E:\3.46\pic18-lt\cxx-framework\src\traditional\proc\p18f4550.asm
                    PORTE   0x000f84       data     extern E:\3.46\pic18-lt\cxx-framework\src\traditional\proc\p18f4550.asm
                PORTEbits   0x000f84       data     extern E:\3.46\pic18-lt\cxx-framework\src\traditional\proc\p18f4550.asm
                 POSTDEC0   0x000fed       data     extern E:\3.46\pic18-lt\cxx-framework\src\traditional\proc\p18f4550.asm
                 POSTDEC1   0x000fe5       data     extern E:\3.46\pic18-lt\cxx-framework\src\traditional\proc\p18f4550.asm
                 POSTDEC2   0x000fdd       data     extern E:\3.46\pic18-lt\cxx-framework\src\traditional\proc\p18f4550.asm
                 POSTINC0   0x000fee       data     extern E:\3.46\pic18-lt\cxx-framework\src\traditional\proc\p18f4550.asm
                 POSTINC1   0x000fe6       data     extern E:\3.46\pic18-lt\cxx-framework\src\traditional\proc\p18f4550.asm
                 POSTINC2   0x000fde       data     extern E:\3.46\pic18-lt\cxx-framework\src\traditional\proc\p18f4550.asm
                      PR2   0x000fcb       data     extern E:\3.46\pic18-lt\cxx-framework\src\traditional\proc\p18f4550.asm
                  PREINC0   0x000fec       data     extern E:\3.46\pic18-lt\cxx-framework\src\traditional\proc\p18f4550.asm
                  PREINC1   0x000fe4       data     extern E:\3.46\pic18-lt\cxx-framework\src\traditional\proc\p18f4550.asm
                  PREINC2   0x000fdc       data     extern E:\3.46\pic18-lt\cxx-framework\src\traditional\proc\p18f4550.asm
                     PROD   0x000ff3       data     extern E:\3.46\pic18-lt\cxx-framework\src\traditional\proc\p18f4550.asm
                    PRODH   0x000ff4       data     extern E:\3.46\pic18-lt\cxx-framework\src\traditional\proc\p18f4550.asm
                    PRODL   0x000ff3       data     extern E:\3.46\pic18-lt\cxx-framework\src\traditional\proc\p18f4550.asm
                     RCON   0x000fd0       data     extern E:\3.46\pic18-lt\cxx-framework\src\traditional\proc\p18f4550.asm
                 RCONbits   0x000fd0       data     extern E:\3.46\pic18-lt\cxx-framework\src\traditional\proc\p18f4550.asm
                    RCREG   0x000fae       data     extern E:\3.46\pic18-lt\cxx-framework\src\traditional\proc\p18f4550.asm
                    RCSTA   0x000fab       data     extern E:\3.46\pic18-lt\cxx-framework\src\traditional\proc\p18f4550.asm
                RCSTAbits   0x000fab       data     extern E:\3.46\pic18-lt\cxx-framework\src\traditional\proc\p18f4550.asm
                     SIGN   0x000016       data     extern E:\3.46\pic18-lt\cxx-framework\src\traditional\math\cmath18.asm
                    SPBRG   0x000faf       data     extern E:\3.46\pic18-lt\cxx-framework\src\traditional\proc\p18f4550.asm
                   SPBRGH   0x000fb0       data     extern E:\3.46\pic18-lt\cxx-framework\src\traditional\proc\p18f4550.asm
                   SPPCFG   0x000f63       data     extern E:\3.46\pic18-lt\cxx-framework\src\traditional\proc\p18f4550.asm
               SPPCFGbits   0x000f63       data     extern E:\3.46\pic18-lt\cxx-framework\src\traditional\proc\p18f4550.asm
                   SPPCON   0x000f65       data     extern E:\3.46\pic18-lt\cxx-framework\src\traditional\proc\p18f4550.asm
               SPPCONbits   0x000f65       data     extern E:\3.46\pic18-lt\cxx-framework\src\traditional\proc\p18f4550.asm
                  SPPDATA   0x000f62       data     extern E:\3.46\pic18-lt\cxx-framework\src\traditional\proc\p18f4550.asm
                   SPPEPS   0x000f64       data     extern E:\3.46\pic18-lt\cxx-framework\src\traditional\proc\p18f4550.asm
               SPPEPSbits   0x000f64       data     extern E:\3.46\pic18-lt\cxx-framework\src\traditional\proc\p18f4550.asm
                   SSPADD   0x000fc8       data     extern E:\3.46\pic18-lt\cxx-framework\src\traditional\proc\p18f4550.asm
                   SSPBUF   0x000fc9       data     extern E:\3.46\pic18-lt\cxx-framework\src\traditional\proc\p18f4550.asm
                  SSPCON1   0x000fc6       data     extern E:\3.46\pic18-lt\cxx-framework\src\traditional\proc\p18f4550.asm
              SSPCON1bits   0x000fc6       data     extern E:\3.46\pic18-lt\cxx-framework\src\traditional\proc\p18f4550.asm
                  SSPCON2   0x000fc5       data     extern E:\3.46\pic18-lt\cxx-framework\src\traditional\proc\p18f4550.asm
              SSPCON2bits   0x000fc5       data     extern E:\3.46\pic18-lt\cxx-framework\src\traditional\proc\p18f4550.asm
                  SSPSTAT   0x000fc7       data     extern E:\3.46\pic18-lt\cxx-framework\src\traditional\proc\p18f4550.asm
              SSPSTATbits   0x000fc7       data     extern E:\3.46\pic18-lt\cxx-framework\src\traditional\proc\p18f4550.asm
                   STATUS   0x000fd8       data     extern E:\3.46\pic18-lt\cxx-framework\src\traditional\proc\p18f4550.asm
               STATUSbits   0x000fd8       data     extern E:\3.46\pic18-lt\cxx-framework\src\traditional\proc\p18f4550.asm
                   STKPTR   0x000ffc       data     extern E:\3.46\pic18-lt\cxx-framework\src\traditional\proc\p18f4550.asm
               STKPTRbits   0x000ffc       data     extern E:\3.46\pic18-lt\cxx-framework\src\traditional\proc\p18f4550.asm
                    T0CON   0x000fd5       data     extern E:\3.46\pic18-lt\cxx-framework\src\traditional\proc\p18f4550.asm
                T0CONbits   0x000fd5       data     extern E:\3.46\pic18-lt\cxx-framework\src\traditional\proc\p18f4550.asm
                    T1CON   0x000fcd       data     extern E:\3.46\pic18-lt\cxx-framework\src\traditional\proc\p18f4550.asm
                T1CONbits   0x000fcd       data     extern E:\3.46\pic18-lt\cxx-framework\src\traditional\proc\p18f4550.asm
                    T2CON   0x000fca       data     extern E:\3.46\pic18-lt\cxx-framework\src\traditional\proc\p18f4550.asm
                T2CONbits   0x000fca       data     extern E:\3.46\pic18-lt\cxx-framework\src\traditional\proc\p18f4550.asm
                    T3CON   0x000fb1       data     extern E:\3.46\pic18-lt\cxx-framework\src\traditional\proc\p18f4550.asm
                T3CONbits   0x000fb1       data     extern E:\3.46\pic18-lt\cxx-framework\src\traditional\proc\p18f4550.asm
                   TABLAT   0x000ff5       data     extern E:\3.46\pic18-lt\cxx-framework\src\traditional\proc\p18f4550.asm
                   TBLPTR   0x000ff6       data     extern E:\3.46\pic18-lt\cxx-framework\src\traditional\proc\p18f4550.asm
                  TBLPTRH   0x000ff7       data     extern E:\3.46\pic18-lt\cxx-framework\src\traditional\proc\p18f4550.asm
                  TBLPTRL   0x000ff6       data     extern E:\3.46\pic18-lt\cxx-framework\src\traditional\proc\p18f4550.asm
                  TBLPTRU   0x000ff8       data     extern E:\3.46\pic18-lt\cxx-framework\src\traditional\proc\p18f4550.asm
                    TMR0H   0x000fd7       data     extern E:\3.46\pic18-lt\cxx-framework\src\traditional\proc\p18f4550.asm
                    TMR0L   0x000fd6       data     extern E:\3.46\pic18-lt\cxx-framework\src\traditional\proc\p18f4550.asm
                    TMR1H   0x000fcf       data     extern E:\3.46\pic18-lt\cxx-framework\src\traditional\proc\p18f4550.asm
                    TMR1L   0x000fce       data     extern E:\3.46\pic18-lt\cxx-framework\src\traditional\proc\p18f4550.asm
                     TMR2   0x000fcc       data     extern E:\3.46\pic18-lt\cxx-framework\src\traditional\proc\p18f4550.asm
                    TMR3H   0x000fb3       data     extern E:\3.46\pic18-lt\cxx-framework\src\traditional\proc\p18f4550.asm
                    TMR3L   0x000fb2       data     extern E:\3.46\pic18-lt\cxx-framework\src\traditional\proc\p18f4550.asm
                      TOS   0x000ffd       data     extern E:\3.46\pic18-lt\cxx-framework\src\traditional\proc\p18f4550.asm
                     TOSH   0x000ffe       data     extern E:\3.46\pic18-lt\cxx-framework\src\traditional\proc\p18f4550.asm
                     TOSL   0x000ffd       data     extern E:\3.46\pic18-lt\cxx-framework\src\traditional\proc\p18f4550.asm
                     TOSU   0x000fff       data     extern E:\3.46\pic18-lt\cxx-framework\src\traditional\proc\p18f4550.asm
                    TRISA   0x000f92       data     extern E:\3.46\pic18-lt\cxx-framework\src\traditional\proc\p18f4550.asm
                TRISAbits   0x000f92       data     extern E:\3.46\pic18-lt\cxx-framework\src\traditional\proc\p18f4550.asm
                    TRISB   0x000f93       data     extern E:\3.46\pic18-lt\cxx-framework\src\traditional\proc\p18f4550.asm
                TRISBbits   0x000f93       data     extern E:\3.46\pic18-lt\cxx-framework\src\traditional\proc\p18f4550.asm
                    TRISC   0x000f94       data     extern E:\3.46\pic18-lt\cxx-framework\src\traditional\proc\p18f4550.asm
                TRISCbits   0x000f94       data     extern E:\3.46\pic18-lt\cxx-framework\src\traditional\proc\p18f4550.asm
                    TRISD   0x000f95       data     extern E:\3.46\pic18-lt\cxx-framework\src\traditional\proc\p18f4550.asm
                TRISDbits   0x000f95       data     extern E:\3.46\pic18-lt\cxx-framework\src\traditional\proc\p18f4550.asm
                    TRISE   0x000f96       data     extern E:\3.46\pic18-lt\cxx-framework\src\traditional\proc\p18f4550.asm
                TRISEbits   0x000f96       data     extern E:\3.46\pic18-lt\cxx-framework\src\traditional\proc\p18f4550.asm
                    TXREG   0x000fad       data     extern E:\3.46\pic18-lt\cxx-framework\src\traditional\proc\p18f4550.asm
                    TXSTA   0x000fac       data     extern E:\3.46\pic18-lt\cxx-framework\src\traditional\proc\p18f4550.asm
                TXSTAbits   0x000fac       data     extern E:\3.46\pic18-lt\cxx-framework\src\traditional\proc\p18f4550.asm
                    UADDR   0x000f6e       data     extern E:\3.46\pic18-lt\cxx-framework\src\traditional\proc\p18f4550.asm
                UADDRbits   0x000f6e       data     extern E:\3.46\pic18-lt\cxx-framework\src\traditional\proc\p18f4550.asm
                     UCFG   0x000f6f       data     extern E:\3.46\pic18-lt\cxx-framework\src\traditional\proc\p18f4550.asm
                 UCFGbits   0x000f6f       data     extern E:\3.46\pic18-lt\cxx-framework\src\traditional\proc\p18f4550.asm
                     UCON   0x000f6d       data     extern E:\3.46\pic18-lt\cxx-framework\src\traditional\proc\p18f4550.asm
                 UCONbits   0x000f6d       data     extern E:\3.46\pic18-lt\cxx-framework\src\traditional\proc\p18f4550.asm
                     UEIE   0x000f6b       data     extern E:\3.46\pic18-lt\cxx-framework\src\traditional\proc\p18f4550.asm
                 UEIEbits   0x000f6b       data     extern E:\3.46\pic18-lt\cxx-framework\src\traditional\proc\p18f4550.asm
                     UEIR   0x000f6a       data     extern E:\3.46\pic18-lt\cxx-framework\src\traditional\proc\p18f4550.asm
                 UEIRbits   0x000f6a       data     extern E:\3.46\pic18-lt\cxx-framework\src\traditional\proc\p18f4550.asm
                     UEP0   0x000f70       data     extern E:\3.46\pic18-lt\cxx-framework\src\traditional\proc\p18f4550.asm
                 UEP0bits   0x000f70       data     extern E:\3.46\pic18-lt\cxx-framework\src\traditional\proc\p18f4550.asm
                     UEP1   0x000f71       data     extern E:\3.46\pic18-lt\cxx-framework\src\traditional\proc\p18f4550.asm
                    UEP10   0x000f7a       data     extern E:\3.46\pic18-lt\cxx-framework\src\traditional\proc\p18f4550.asm
                UEP10bits   0x000f7a       data     extern E:\3.46\pic18-lt\cxx-framework\src\traditional\proc\p18f4550.asm
                    UEP11   0x000f7b       data     extern E:\3.46\pic18-lt\cxx-framework\src\traditional\proc\p18f4550.asm
                UEP11bits   0x000f7b       data     extern E:\3.46\pic18-lt\cxx-framework\src\traditional\proc\p18f4550.asm
                    UEP12   0x000f7c       data     extern E:\3.46\pic18-lt\cxx-framework\src\traditional\proc\p18f4550.asm
                UEP12bits   0x000f7c       data     extern E:\3.46\pic18-lt\cxx-framework\src\traditional\proc\p18f4550.asm
                    UEP13   0x000f7d       data     extern E:\3.46\pic18-lt\cxx-framework\src\traditional\proc\p18f4550.asm
                UEP13bits   0x000f7d       data     extern E:\3.46\pic18-lt\cxx-framework\src\traditional\proc\p18f4550.asm
                    UEP14   0x000f7e       data     extern E:\3.46\pic18-lt\cxx-framework\src\traditional\proc\p18f4550.asm
                UEP14bits   0x000f7e       data     extern E:\3.46\pic18-lt\cxx-framework\src\traditional\proc\p18f4550.asm
                    UEP15   0x000f7f       data     extern E:\3.46\pic18-lt\cxx-framework\src\traditional\proc\p18f4550.asm
                UEP15bits   0x000f7f       data     extern E:\3.46\pic18-lt\cxx-framework\src\traditional\proc\p18f4550.asm
                 UEP1bits   0x000f71       data     extern E:\3.46\pic18-lt\cxx-framework\src\traditional\proc\p18f4550.asm
                     UEP2   0x000f72       data     extern E:\3.46\pic18-lt\cxx-framework\src\traditional\proc\p18f4550.asm
                 UEP2bits   0x000f72       data     extern E:\3.46\pic18-lt\cxx-framework\src\traditional\proc\p18f4550.asm
                     UEP3   0x000f73       data     extern E:\3.46\pic18-lt\cxx-framework\src\traditional\proc\p18f4550.asm
                 UEP3bits   0x000f73       data     extern E:\3.46\pic18-lt\cxx-framework\src\traditional\proc\p18f4550.asm
                     UEP4   0x000f74       data     extern E:\3.46\pic18-lt\cxx-framework\src\traditional\proc\p18f4550.asm
                 UEP4bits   0x000f74       data     extern E:\3.46\pic18-lt\cxx-framework\src\traditional\proc\p18f4550.asm
                     UEP5   0x000f75       data     extern E:\3.46\pic18-lt\cxx-framework\src\traditional\proc\p18f4550.asm
                 UEP5bits   0x000f75       data     extern E:\3.46\pic18-lt\cxx-framework\src\traditional\proc\p18f4550.asm
                     UEP6   0x000f76       data     extern E:\3.46\pic18-lt\cxx-framework\src\traditional\proc\p18f4550.asm
                 UEP6bits   0x000f76       data     extern E:\3.46\pic18-lt\cxx-framework\src\traditional\proc\p18f4550.asm
                     UEP7   0x000f77       data     extern E:\3.46\pic18-lt\cxx-framework\src\traditional\proc\p18f4550.asm
                 UEP7bits   0x000f77       data     extern E:\3.46\pic18-lt\cxx-framework\src\traditional\proc\p18f4550.asm
                     UEP8   0x000f78       data     extern E:\3.46\pic18-lt\cxx-framework\src\traditional\proc\p18f4550.asm
                 UEP8bits   0x000f78       data     extern E:\3.46\pic18-lt\cxx-framework\src\traditional\proc\p18f4550.asm
                     UEP9   0x000f79       data     extern E:\3.46\pic18-lt\cxx-framework\src\traditional\proc\p18f4550.asm
                 UEP9bits   0x000f79       data     extern E:\3.46\pic18-lt\cxx-framework\src\traditional\proc\p18f4550.asm
                     UFRM   0x000f66       data     extern E:\3.46\pic18-lt\cxx-framework\src\traditional\proc\p18f4550.asm
                    UFRMH   0x000f67       data     extern E:\3.46\pic18-lt\cxx-framework\src\traditional\proc\p18f4550.asm
                UFRMHbits   0x000f67       data     extern E:\3.46\pic18-lt\cxx-framework\src\traditional\proc\p18f4550.asm
                    UFRML   0x000f66       data     extern E:\3.46\pic18-lt\cxx-framework\src\traditional\proc\p18f4550.asm
                UFRMLbits   0x000f66       data     extern E:\3.46\pic18-lt\cxx-framework\src\traditional\proc\p18f4550.asm
                      UIE   0x000f69       data     extern E:\3.46\pic18-lt\cxx-framework\src\traditional\proc\p18f4550.asm
                  UIEbits   0x000f69       data     extern E:\3.46\pic18-lt\cxx-framework\src\traditional\proc\p18f4550.asm
                      UIR   0x000f68       data     extern E:\3.46\pic18-lt\cxx-framework\src\traditional\proc\p18f4550.asm
                  UIRbits   0x000f68       data     extern E:\3.46\pic18-lt\cxx-framework\src\traditional\proc\p18f4550.asm
                    USTAT   0x000f6c       data     extern E:\3.46\pic18-lt\cxx-framework\src\traditional\proc\p18f4550.asm
                USTATbits   0x000f6c       data     extern E:\3.46\pic18-lt\cxx-framework\src\traditional\proc\p18f4550.asm
                   WDTCON   0x000fd1       data     extern E:\3.46\pic18-lt\cxx-framework\src\traditional\proc\p18f4550.asm
               WDTCONbits   0x000fd1       data     extern E:\3.46\pic18-lt\cxx-framework\src\traditional\proc\p18f4550.asm
                     WREG   0x000fe8       data     extern E:\3.46\pic18-lt\cxx-framework\src\traditional\proc\p18f4550.asm
                 __AARGB0   0x00001f       data     extern E:\3.46\pic18-lt\cxx-framework\src\traditional\math\aarg.asm
                 __AARGB1   0x00001e       data     extern E:\3.46\pic18-lt\cxx-framework\src\traditional\math\aarg.asm
                 __AARGB2   0x00001d       data     extern E:\3.46\pic18-lt\cxx-framework\src\traditional\math\aarg.asm
                 __AARGB3   0x00001c       data     extern E:\3.46\pic18-lt\cxx-framework\src\traditional\math\aarg.asm
                 __AARGB4   0x00001b       data     extern E:\3.46\pic18-lt\cxx-framework\src\traditional\math\aarg.asm
                 __AARGB5   0x00001a       data     extern E:\3.46\pic18-lt\cxx-framework\src\traditional\math\aarg.asm
                 __AARGB6   0x000019       data     extern E:\3.46\pic18-lt\cxx-framework\src\traditional\math\aarg.asm
                 __AARGB7   0x000018       data     extern E:\3.46\pic18-lt\cxx-framework\src\traditional\math\aarg.asm
                   __AEXP   0x000020       data     extern E:\3.46\pic18-lt\cxx-framework\src\traditional\math\aarg.asm
                 __BARGB0   0x000024       data     extern E:\3.46\pic18-lt\cxx-framework\src\traditional\math\barg.asm
                 __BARGB1   0x000023       data     extern E:\3.46\pic18-lt\cxx-framework\src\traditional\math\barg.asm
                 __BARGB2   0x000022       data     extern E:\3.46\pic18-lt\cxx-framework\src\traditional\math\barg.asm
                 __BARGB3   0x000021       data     extern E:\3.46\pic18-lt\cxx-framework\src\traditional\math\barg.asm
                   __BEXP   0x000025       data     extern E:\3.46\pic18-lt\cxx-framework\src\traditional\math\barg.asm
                __FPFLAGS   0x000017       data     extern E:\3.46\pic18-lt\cxx-framework\src\traditional\math\cmath18.asm
            __FPFLAGSbits   0x000017       data     extern E:\3.46\pic18-lt\cxx-framework\src\traditional\math\cmath18.asm
                  __REMB0   0x00001b       data     extern E:\3.46\pic18-lt\cxx-framework\src\traditional\math\aarg.asm
                  __REMB1   0x00001a       data     extern E:\3.46\pic18-lt\cxx-framework\src\traditional\math\aarg.asm
                  __REMB2   0x000019       data     extern E:\3.46\pic18-lt\cxx-framework\src\traditional\math\aarg.asm
                  __REMB3   0x000018       data     extern E:\3.46\pic18-lt\cxx-framework\src\traditional\math\aarg.asm
                   __TEMP   0x000029       data     extern E:\3.46\pic18-lt\cxx-framework\src\traditional\math\temparg.asm
                 __TEMPB0   0x000029       data     extern E:\3.46\pic18-lt\cxx-framework\src\traditional\math\temparg.asm
                 __TEMPB1   0x000028       data     extern E:\3.46\pic18-lt\cxx-framework\src\traditional\math\temparg.asm
                 __TEMPB2   0x000027       data     extern E:\3.46\pic18-lt\cxx-framework\src\traditional\math\temparg.asm
                 __TEMPB3   0x000026       data     extern E:\3.46\pic18-lt\cxx-framework\src\traditional\math\temparg.asm
                  __tmp_0   0x000000       data     static C:\Users\LAI 02\Documents\AUTOFIGI\Alimentador.X\main.c
              array_hours   0x000060       data     extern C:\Users\LAI 02\Documents\AUTOFIGI\Alimentador.X\main.c
                curr_byte   0x00007d       data     static E:\3.46\pic18-lt\cxx-framework\src\traditional\startup\c018i.c
               curr_entry   0x00007f       data     static E:\3.46\pic18-lt\cxx-framework\src\traditional\startup\c018i.c
                 data_ptr   0x000081       data     static E:\3.46\pic18-lt\cxx-framework\src\traditional\startup\c018i.c
                     freq   0x00008a       data     extern C:\Users\LAI 02\Documents\AUTOFIGI\Alimentador.X\main.c
                  message   0x000070       data     extern C:\Users\LAI 02\Documents\AUTOFIGI\Alimentador.X\main.c
                     mode   0x000088       data     extern C:\Users\LAI 02\Documents\AUTOFIGI\Alimentador.X\main.c
                  portion   0x000089       data     extern C:\Users\LAI 02\Documents\AUTOFIGI\Alimentador.X\main.c
                     prom   0x00007a       data     static E:\3.46\pic18-lt\cxx-framework\src\traditional\startup\c018i.c
                     time   0x000084       data     extern C:\Users\LAI 02\Documents\AUTOFIGI\Alimentador.X\main.c



                              Symbols - Sorted by Address
                     Name    Address   Location    Storage File                     
                ---------  ---------  ---------  --------- ---------                
                   _entry   0x000000    program     extern E:\3.46\pic18-lt\cxx-framework\src\traditional\startup\c018i.c
       ___return_lbl00000   0x000004    program     static                          
                   __init   0x000006    program     extern E:\3.46\pic18-lt\cxx-framework\src\traditional\stdclib\__init.c
 interrupt_at_high_vector   0x000008    program     extern C:\Users\LAI 02\Documents\AUTOFIGI\Alimentador.X\inc\interrupts.h
       ___return_lbl00002   0x00000c    program     static                          
  interrupt_at_low_vector   0x000018    program     extern C:\Users\LAI 02\Documents\AUTOFIGI\Alimentador.X\inc\interrupts.h
       ___return_lbl00005   0x00001c    program     static                          
                 mcu_init   0x00002c    program     extern C:\Users\LAI 02\Documents\AUTOFIGI\Alimentador.X\inc\mcu_config.h
                 isr_init   0x00003a    program     extern C:\Users\LAI 02\Documents\AUTOFIGI\Alimentador.X\inc\interrupts.h
                 high_isr   0x000052    program     extern C:\Users\LAI 02\Documents\AUTOFIGI\Alimentador.X\inc\interrupts.h
                  low_isr   0x0000a8    program     extern C:\Users\LAI 02\Documents\AUTOFIGI\Alimentador.X\inc\interrupts.h
              timer0_init   0x00011a    program     extern C:\Users\LAI 02\Documents\AUTOFIGI\Alimentador.X\inc\timers.h
              timer0_wait   0x000144    program     extern C:\Users\LAI 02\Documents\AUTOFIGI\Alimentador.X\inc\timers.h
            counter1_init   0x00016c    program     extern C:\Users\LAI 02\Documents\AUTOFIGI\Alimentador.X\inc\timers.h
              timer3_init   0x00017a    program     extern C:\Users\LAI 02\Documents\AUTOFIGI\Alimentador.X\inc\timers.h
                  lcd_put   0x0001a8    program     extern C:\Users\LAI 02\Documents\AUTOFIGI\Alimentador.X\inc\lcd.h
                 lcd_puts   0x0001ca    program     extern C:\Users\LAI 02\Documents\AUTOFIGI\Alimentador.X\inc\lcd.h
                 lcd_putc   0x0001ea    program     extern C:\Users\LAI 02\Documents\AUTOFIGI\Alimentador.X\inc\lcd.h
               lcd_putBCD   0x0001fe    program     extern C:\Users\LAI 02\Documents\AUTOFIGI\Alimentador.X\inc\lcd.h
                 lcd_puti   0x000244    program     extern C:\Users\LAI 02\Documents\AUTOFIGI\Alimentador.X\inc\lcd.h
                lcd_write   0x000266    program     extern C:\Users\LAI 02\Documents\AUTOFIGI\Alimentador.X\inc\lcd.h
                 lcd_goto   0x000294    program     extern C:\Users\LAI 02\Documents\AUTOFIGI\Alimentador.X\inc\lcd.h
                lcd_clear   0x0002be    program     extern C:\Users\LAI 02\Documents\AUTOFIGI\Alimentador.X\inc\lcd.h
                 lcd_init   0x0002d2    program     extern C:\Users\LAI 02\Documents\AUTOFIGI\Alimentador.X\inc\lcd.h
               usart_init   0x000300    program     extern C:\Users\LAI 02\Documents\AUTOFIGI\Alimentador.X\inc\serial.h
               usart_getc   0x00031a    program     extern C:\Users\LAI 02\Documents\AUTOFIGI\Alimentador.X\inc\serial.h
               usart_gets   0x000324    program     extern C:\Users\LAI 02\Documents\AUTOFIGI\Alimentador.X\inc\serial.h
               usart_putc   0x000378    program     extern C:\Users\LAI 02\Documents\AUTOFIGI\Alimentador.X\inc\serial.h
                usart_put   0x00038a    program     extern C:\Users\LAI 02\Documents\AUTOFIGI\Alimentador.X\inc\serial.h
               usart_puts   0x0003ac    program     extern C:\Users\LAI 02\Documents\AUTOFIGI\Alimentador.X\inc\serial.h
               usart_puti   0x0003cc    program     extern C:\Users\LAI 02\Documents\AUTOFIGI\Alimentador.X\inc\serial.h
                pwm1_init   0x0003ee    program     extern C:\Users\LAI 02\Documents\AUTOFIGI\Alimentador.X\inc\pwm.h
                pwm2_init   0x000400    program     extern C:\Users\LAI 02\Documents\AUTOFIGI\Alimentador.X\inc\pwm.h
                 int0_isr   0x000412    program     extern C:\Users\LAI 02\Documents\AUTOFIGI\Alimentador.X\main.c
               timer0_isr   0x000446    program     extern C:\Users\LAI 02\Documents\AUTOFIGI\Alimentador.X\main.c
               timer3_isr   0x0004aa    program     extern C:\Users\LAI 02\Documents\AUTOFIGI\Alimentador.X\main.c
                     main   0x000518    program     extern C:\Users\LAI 02\Documents\AUTOFIGI\Alimentador.X\main.c
                configure   0x00056e    program     extern C:\Users\LAI 02\Documents\AUTOFIGI\Alimentador.X\main.c
             convert_time   0x0006e8    program     extern C:\Users\LAI 02\Documents\AUTOFIGI\Alimentador.X\main.c
                updatelcd   0x000804    program     extern C:\Users\LAI 02\Documents\AUTOFIGI\Alimentador.X\main.c
                 seg2hour   0x0009b2    program     extern C:\Users\LAI 02\Documents\AUTOFIGI\Alimentador.X\main.c
               gira_motor   0x000b7a    program     extern C:\Users\LAI 02\Documents\AUTOFIGI\Alimentador.X\main.c
                   __pa_0   0x000bac    program     static C:\Users\LAI 02\Documents\AUTOFIGI\Alimentador.X\main.c
                   __pa_1   0x000c08    program     static C:\Users\LAI 02\Documents\AUTOFIGI\Alimentador.X\main.c
                   __pa_2   0x000c28    program     static C:\Users\LAI 02\Documents\AUTOFIGI\Alimentador.X\main.c
                   __pa_3   0x000c2e    program     static C:\Users\LAI 02\Documents\AUTOFIGI\Alimentador.X\main.c
                   __pa_4   0x000c46    program     static C:\Users\LAI 02\Documents\AUTOFIGI\Alimentador.X\main.c
                   __pa_5   0x000c60    program     static C:\Users\LAI 02\Documents\AUTOFIGI\Alimentador.X\main.c
              __tmplbl_17   0x000c6a    program     static                          
              __tmplbl_16   0x000c6a    program     static                          
              __tmplbl_15   0x000c6a    program     static                          
              __tmplbl_14   0x000c6a    program     static                          
              __tmplbl_18   0x000c6a    program     static                          
              __tmplbl_19   0x000c6a    program     static                          
              __tmplbl_20   0x000c6a    program     static                          
              __tmplbl_13   0x000c6a    program     static                          
              __tmplbl_11   0x000c6a    program     static                          
              __tmplbl_26   0x000c6a    program     static                          
              __tmplbl_31   0x000c6a    program     static                          
              __tmplbl_21   0x000c6a    program     static                          
                   __pa_6   0x000c6a    program     static C:\Users\LAI 02\Documents\AUTOFIGI\Alimentador.X\main.c
              __tmplbl_30   0x000c6a    program     static                          
              __tmplbl_24   0x000c6a    program     static                          
              __tmplbl_28   0x000c6a    program     static                          
                   __pa_7   0x000c72    program     static C:\Users\LAI 02\Documents\AUTOFIGI\Alimentador.X\main.c
                   __pa_8   0x000c7e    program     static C:\Users\LAI 02\Documents\AUTOFIGI\Alimentador.X\main.c
                   __pa_9   0x000c8c    program     static C:\Users\LAI 02\Documents\AUTOFIGI\Alimentador.X\main.c
                  __pa_10   0x000c9a    program     static C:\Users\LAI 02\Documents\AUTOFIGI\Alimentador.X\inc\lcd.h
                  __pa_11   0x000ca4    program     static C:\Users\LAI 02\Documents\AUTOFIGI\Alimentador.X\inc\interrupts.h
                  __pa_12   0x000cce    program     static C:\Users\LAI 02\Documents\AUTOFIGI\Alimentador.X\main.c
                  __pa_13   0x000ce0    program     static C:\Users\LAI 02\Documents\AUTOFIGI\Alimentador.X\inc\interrupts.h
                  __pa_14   0x000d06    program     static C:\Users\LAI 02\Documents\AUTOFIGI\Alimentador.X\inc\lcd.h
                  __pa_15   0x000d26    program     static C:\Users\LAI 02\Documents\AUTOFIGI\Alimentador.X\main.c
                  __pa_16   0x000d34    program     static C:\Users\LAI 02\Documents\AUTOFIGI\Alimentador.X\main.c
                  __pa_17   0x000d42    program     static C:\Users\LAI 02\Documents\AUTOFIGI\Alimentador.X\main.c
                  __pa_18   0x000d48    program     static C:\Users\LAI 02\Documents\AUTOFIGI\Alimentador.X\main.c
                  __pa_19   0x000d52    program     static C:\Users\LAI 02\Documents\AUTOFIGI\Alimentador.X\main.c
                  __pa_20   0x000d62    program     static C:\Users\LAI 02\Documents\AUTOFIGI\Alimentador.X\main.c
                  __pa_21   0x000d6c    program     static C:\Users\LAI 02\Documents\AUTOFIGI\Alimentador.X\main.c
                  __pa_22   0x000d82    program     static C:\Users\LAI 02\Documents\AUTOFIGI\Alimentador.X\main.c
                  __pa_23   0x000d8a    program     static C:\Users\LAI 02\Documents\AUTOFIGI\Alimentador.X\inc\lcd.h
                  __pa_24   0x000d9c    program     static C:\Users\LAI 02\Documents\AUTOFIGI\Alimentador.X\main.c
                  __pa_25   0x000da8    program     static C:\Users\LAI 02\Documents\AUTOFIGI\Alimentador.X\inc\lcd.h
                  __pa_26   0x000db8    program     static C:\Users\LAI 02\Documents\AUTOFIGI\Alimentador.X\inc\lcd.h
                  __pa_27   0x000dc8    program     static C:\Users\LAI 02\Documents\AUTOFIGI\Alimentador.X\inc\timers.h
                  __pa_28   0x000dd6    program     static C:\Users\LAI 02\Documents\AUTOFIGI\Alimentador.X\inc\lcd.h
                  __pa_29   0x000de4    program     static C:\Users\LAI 02\Documents\AUTOFIGI\Alimentador.X\main.c
                  __pa_30   0x000dee    program     static C:\Users\LAI 02\Documents\AUTOFIGI\Alimentador.X\main.c
                  __pa_31   0x000df8    program     static C:\Users\LAI 02\Documents\AUTOFIGI\Alimentador.X\main.c
                  __pa_32   0x000e08    program     static C:\Users\LAI 02\Documents\AUTOFIGI\Alimentador.X\main.c
                  __pa_33   0x000e10    program     static C:\Users\LAI 02\Documents\AUTOFIGI\Alimentador.X\main.c
                  __pa_34   0x000e18    program     static C:\Users\LAI 02\Documents\AUTOFIGI\Alimentador.X\main.c
                  __pa_35   0x000e24    program     static C:\Users\LAI 02\Documents\AUTOFIGI\Alimentador.X\main.c
                  __pa_36   0x000e2e    program     static C:\Users\LAI 02\Documents\AUTOFIGI\Alimentador.X\main.c
                  __pa_37   0x000e3c    program     static C:\Users\LAI 02\Documents\AUTOFIGI\Alimentador.X\main.c
                  __pa_38   0x000e4a    program     static C:\Users\LAI 02\Documents\AUTOFIGI\Alimentador.X\main.c
                  __pa_39   0x000e58    program     static C:\Users\LAI 02\Documents\AUTOFIGI\Alimentador.X\main.c
                  __pa_40   0x000e66    program     static C:\Users\LAI 02\Documents\AUTOFIGI\Alimentador.X\main.c
                  __pa_41   0x000e6e    program     static C:\Users\LAI 02\Documents\AUTOFIGI\Alimentador.X\inc\lcd.h
                  __pa_42   0x000e78    program     static C:\Users\LAI 02\Documents\AUTOFIGI\Alimentador.X\main.c
                  __pa_43   0x000e82    program     static C:\Users\LAI 02\Documents\AUTOFIGI\Alimentador.X\main.c
                  __pa_44   0x000e8a    program     static C:\Users\LAI 02\Documents\AUTOFIGI\Alimentador.X\main.c
                  __pa_45   0x000e90    program     static C:\Users\LAI 02\Documents\AUTOFIGI\Alimentador.X\main.c
                 FXD2424S   0x000e96    program     extern E:\3.46\pic18-lt\cxx-framework\src\traditional\math\fxd2424s.asm
                  DA2424S   0x000eac    program     static E:\3.46\pic18-lt\cxx-framework\src\traditional\math\fxd2424s.asm
                   D2424S   0x000ec0    program     static E:\3.46\pic18-lt\cxx-framework\src\traditional\math\fxd2424s.asm
                 D2424SOK   0x000eca    program     static E:\3.46\pic18-lt\cxx-framework\src\traditional\math\fxd2424s.asm
                D2424SNEG   0x000ece    program     static E:\3.46\pic18-lt\cxx-framework\src\traditional\math\fxd2424s.asm
                  D2424SX   0x000ee6    program     static E:\3.46\pic18-lt\cxx-framework\src\traditional\math\fxd2424s.asm
                 FXD3232S   0x000ef0    program     extern E:\3.46\pic18-lt\cxx-framework\src\traditional\math\fxd3232s.asm
                  DA3232S   0x000f0a    program     static E:\3.46\pic18-lt\cxx-framework\src\traditional\math\fxd3232s.asm
                   D3232S   0x000f20    program     static E:\3.46\pic18-lt\cxx-framework\src\traditional\math\fxd3232s.asm
                 D3232SOK   0x000f2a    program     static E:\3.46\pic18-lt\cxx-framework\src\traditional\math\fxd3232s.asm
                D3232SNEG   0x000f2e    program     static E:\3.46\pic18-lt\cxx-framework\src\traditional\math\fxd3232s.asm
                  D3232SX   0x000f4e    program     static E:\3.46\pic18-lt\cxx-framework\src\traditional\math\fxd3232s.asm
                 FXM1616U   0x000f58    program     extern E:\3.46\pic18-lt\cxx-framework\src\traditional\math\fxm1616u.asm
                 FXM2424U   0x000f94    program     extern E:\3.46\pic18-lt\cxx-framework\src\traditional\math\fxm2424u.asm
                     itoa   0x001026    program     extern E:\3.46\pic18-lt\cxx-framework\src\traditional\stdclib\itoa.asm
                jTstSign1   0x001052    program     static E:\3.46\pic18-lt\cxx-framework\src\traditional\stdclib\itoa.asm
                     jDo5   0x00109c    program     static E:\3.46\pic18-lt\cxx-framework\src\traditional\stdclib\itoa.asm
                     jDo4   0x0010a0    program     static E:\3.46\pic18-lt\cxx-framework\src\traditional\stdclib\itoa.asm
                     jDo3   0x0010a4    program     static E:\3.46\pic18-lt\cxx-framework\src\traditional\stdclib\itoa.asm
                     jDo2   0x0010a8    program     static E:\3.46\pic18-lt\cxx-framework\src\traditional\stdclib\itoa.asm
                     jDo1   0x0010ac    program     static E:\3.46\pic18-lt\cxx-framework\src\traditional\stdclib\itoa.asm
                 TstUpper   0x0010e0    program     static E:\3.46\pic18-lt\cxx-framework\src\traditional\stdclib\itoa.asm
                 TstLower   0x0010e6    program     static E:\3.46\pic18-lt\cxx-framework\src\traditional\stdclib\itoa.asm
                jTstLowZ1   0x0010f0    program     static E:\3.46\pic18-lt\cxx-framework\src\traditional\stdclib\itoa.asm
                ProcUpper   0x0010f2    program     static E:\3.46\pic18-lt\cxx-framework\src\traditional\stdclib\itoa.asm
                ProcLower   0x0010fc    program     static E:\3.46\pic18-lt\cxx-framework\src\traditional\stdclib\itoa.asm
                   itoBCD   0x001106    program     extern E:\3.46\pic18-lt\cxx-framework\src\traditional\stdclib\itobcd.asm
                    jLoop   0x00111e    program     static E:\3.46\pic18-lt\cxx-framework\src\traditional\stdclib\itobcd.asm
                     jEnd   0x001144    program     static E:\3.46\pic18-lt\cxx-framework\src\traditional\stdclib\itobcd.asm
                  OneByte   0x001148    program     static E:\3.46\pic18-lt\cxx-framework\src\traditional\stdclib\itobcd.asm
[...]
                     DDRC   0x000f94       data     extern E:\3.46\pic18-lt\cxx-framework\src\traditional\proc\p18f4550.asm
                    TRISC   0x000f94       data     extern E:\3.46\pic18-lt\cxx-framework\src\traditional\proc\p18f4550.asm
                TRISCbits   0x000f94       data     extern E:\3.46\pic18-lt\cxx-framework\src\traditional\proc\p18f4550.asm
                     DDRD   0x000f95       data     extern E:\3.46\pic18-lt\cxx-framework\src\traditional\proc\p18f4550.asm
                 DDRDbits   0x000f95       data     extern E:\3.46\pic18-lt\cxx-framework\src\traditional\proc\p18f4550.asm
                    TRISD   0x000f95       data     extern E:\3.46\pic18-lt\cxx-framework\src\traditional\proc\p18f4550.asm
                TRISDbits   0x000f95       data     extern E:\3.46\pic18-lt\cxx-framework\src\traditional\proc\p18f4550.asm
                     DDRE   0x000f96       data     extern E:\3.46\pic18-lt\cxx-framework\src\traditional\proc\p18f4550.asm
                 DDREbits   0x000f96       data     extern E:\3.46\pic18-lt\cxx-framework\src\traditional\proc\p18f4550.asm
                TRISEbits   0x000f96       data     extern E:\3.46\pic18-lt\cxx-framework\src\traditional\proc\p18f4550.asm
                    TRISE   0x000f96       data     extern E:\3.46\pic18-lt\cxx-framework\src\traditional\proc\p18f4550.asm
                  OSCTUNE   0x000f9b       data     extern E:\3.46\pic18-lt\cxx-framework\src\traditional\proc\p18f4550.asm
              OSCTUNEbits   0x000f9b       data     extern E:\3.46\pic18-lt\cxx-framework\src\traditional\proc\p18f4550.asm
                     PIE1   0x000f9d       data     extern E:\3.46\pic18-lt\cxx-framework\src\traditional\proc\p18f4550.asm
                 PIE1bits   0x000f9d       data     extern E:\3.46\pic18-lt\cxx-framework\src\traditional\proc\p18f4550.asm
                     PIR1   0x000f9e       data     extern E:\3.46\pic18-lt\cxx-framework\src\traditional\proc\p18f4550.asm
                 PIR1bits   0x000f9e       data     extern E:\3.46\pic18-lt\cxx-framework\src\traditional\proc\p18f4550.asm
                     IPR1   0x000f9f       data     extern E:\3.46\pic18-lt\cxx-framework\src\traditional\proc\p18f4550.asm
                 IPR1bits   0x000f9f       data     extern E:\3.46\pic18-lt\cxx-framework\src\traditional\proc\p18f4550.asm
                 PIE2bits   0x000fa0       data     extern E:\3.46\pic18-lt\cxx-framework\src\traditional\proc\p18f4550.asm
                     PIE2   0x000fa0       data     extern E:\3.46\pic18-lt\cxx-framework\src\traditional\proc\p18f4550.asm
                     PIR2   0x000fa1       data     extern E:\3.46\pic18-lt\cxx-framework\src\traditional\proc\p18f4550.asm
                 PIR2bits   0x000fa1       data     extern E:\3.46\pic18-lt\cxx-framework\src\traditional\proc\p18f4550.asm
                 IPR2bits   0x000fa2       data     extern E:\3.46\pic18-lt\cxx-framework\src\traditional\proc\p18f4550.asm
                     IPR2   0x000fa2       data     extern E:\3.46\pic18-lt\cxx-framework\src\traditional\proc\p18f4550.asm
               EECON1bits   0x000fa6       data     extern E:\3.46\pic18-lt\cxx-framework\src\traditional\proc\p18f4550.asm
                   EECON1   0x000fa6       data     extern E:\3.46\pic18-lt\cxx-framework\src\traditional\proc\p18f4550.asm
                   EECON2   0x000fa7       data     extern E:\3.46\pic18-lt\cxx-framework\src\traditional\proc\p18f4550.asm
                   EEDATA   0x000fa8       data     extern E:\3.46\pic18-lt\cxx-framework\src\traditional\proc\p18f4550.asm
                    EEADR   0x000fa9       data     extern E:\3.46\pic18-lt\cxx-framework\src\traditional\proc\p18f4550.asm
                    RCSTA   0x000fab       data     extern E:\3.46\pic18-lt\cxx-framework\src\traditional\proc\p18f4550.asm
                RCSTAbits   0x000fab       data     extern E:\3.46\pic18-lt\cxx-framework\src\traditional\proc\p18f4550.asm
                    TXSTA   0x000fac       data     extern E:\3.46\pic18-lt\cxx-framework\src\traditional\proc\p18f4550.asm
                TXSTAbits   0x000fac       data     extern E:\3.46\pic18-lt\cxx-framework\src\traditional\proc\p18f4550.asm
                    TXREG   0x000fad       data     extern E:\3.46\pic18-lt\cxx-framework\src\traditional\proc\p18f4550.asm
                    RCREG   0x000fae       data     extern E:\3.46\pic18-lt\cxx-framework\src\traditional\proc\p18f4550.asm
                    SPBRG   0x000faf       data     extern E:\3.46\pic18-lt\cxx-framework\src\traditional\proc\p18f4550.asm
                   SPBRGH   0x000fb0       data     extern E:\3.46\pic18-lt\cxx-framework\src\traditional\proc\p18f4550.asm
                T3CONbits   0x000fb1       data     extern E:\3.46\pic18-lt\cxx-framework\src\traditional\proc\p18f4550.asm
                    T3CON   0x000fb1       data     extern E:\3.46\pic18-lt\cxx-framework\src\traditional\proc\p18f4550.asm
                    TMR3L   0x000fb2       data     extern E:\3.46\pic18-lt\cxx-framework\src\traditional\proc\p18f4550.asm
                    TMR3H   0x000fb3       data     extern E:\3.46\pic18-lt\cxx-framework\src\traditional\proc\p18f4550.asm
                CMCONbits   0x000fb4       data     extern E:\3.46\pic18-lt\cxx-framework\src\traditional\proc\p18f4550.asm
                    CMCON   0x000fb4       data     extern E:\3.46\pic18-lt\cxx-framework\src\traditional\proc\p18f4550.asm
               CVRCONbits   0x000fb5       data     extern E:\3.46\pic18-lt\cxx-framework\src\traditional\proc\p18f4550.asm
                   CVRCON   0x000fb5       data     extern E:\3.46\pic18-lt\cxx-framework\src\traditional\proc\p18f4550.asm
                  ECCP1AS   0x000fb6       data     extern E:\3.46\pic18-lt\cxx-framework\src\traditional\proc\p18f4550.asm
               CCP1ASbits   0x000fb6       data     extern E:\3.46\pic18-lt\cxx-framework\src\traditional\proc\p18f4550.asm
                   CCP1AS   0x000fb6       data     extern E:\3.46\pic18-lt\cxx-framework\src\traditional\proc\p18f4550.asm
              ECCP1ASbits   0x000fb6       data     extern E:\3.46\pic18-lt\cxx-framework\src\traditional\proc\p18f4550.asm
                  CCP1DEL   0x000fb7       data     extern E:\3.46\pic18-lt\cxx-framework\src\traditional\proc\p18f4550.asm
             ECCP1DELbits   0x000fb7       data     extern E:\3.46\pic18-lt\cxx-framework\src\traditional\proc\p18f4550.asm
              CCP1DELbits   0x000fb7       data     extern E:\3.46\pic18-lt\cxx-framework\src\traditional\proc\p18f4550.asm
                 ECCP1DEL   0x000fb7       data     extern E:\3.46\pic18-lt\cxx-framework\src\traditional\proc\p18f4550.asm
              BAUDCONbits   0x000fb8       data     extern E:\3.46\pic18-lt\cxx-framework\src\traditional\proc\p18f4550.asm
                  BAUDCON   0x000fb8       data     extern E:\3.46\pic18-lt\cxx-framework\src\traditional\proc\p18f4550.asm
                  BAUDCTL   0x000fb8       data     extern E:\3.46\pic18-lt\cxx-framework\src\traditional\proc\p18f4550.asm
              BAUDCTLbits   0x000fb8       data     extern E:\3.46\pic18-lt\cxx-framework\src\traditional\proc\p18f4550.asm
                  CCP2CON   0x000fba       data     extern E:\3.46\pic18-lt\cxx-framework\src\traditional\proc\p18f4550.asm
              CCP2CONbits   0x000fba       data     extern E:\3.46\pic18-lt\cxx-framework\src\traditional\proc\p18f4550.asm
                   CCPR2L   0x000fbb       data     extern E:\3.46\pic18-lt\cxx-framework\src\traditional\proc\p18f4550.asm
                    CCPR2   0x000fbb       data     extern E:\3.46\pic18-lt\cxx-framework\src\traditional\proc\p18f4550.asm
                   CCPR2H   0x000fbc       data     extern E:\3.46\pic18-lt\cxx-framework\src\traditional\proc\p18f4550.asm
                  CCP1CON   0x000fbd       data     extern E:\3.46\pic18-lt\cxx-framework\src\traditional\proc\p18f4550.asm
              CCP1CONbits   0x000fbd       data     extern E:\3.46\pic18-lt\cxx-framework\src\traditional\proc\p18f4550.asm
                 ECCP1CON   0x000fbd       data     extern E:\3.46\pic18-lt\cxx-framework\src\traditional\proc\p18f4550.asm
             ECCP1CONbits   0x000fbd       data     extern E:\3.46\pic18-lt\cxx-framework\src\traditional\proc\p18f4550.asm
                   CCPR1L   0x000fbe       data     extern E:\3.46\pic18-lt\cxx-framework\src\traditional\proc\p18f4550.asm
                    CCPR1   0x000fbe       data     extern E:\3.46\pic18-lt\cxx-framework\src\traditional\proc\p18f4550.asm
                   CCPR1H   0x000fbf       data     extern E:\3.46\pic18-lt\cxx-framework\src\traditional\proc\p18f4550.asm
               ADCON2bits   0x000fc0       data     extern E:\3.46\pic18-lt\cxx-framework\src\traditional\proc\p18f4550.asm
                   ADCON2   0x000fc0       data     extern E:\3.46\pic18-lt\cxx-framework\src\traditional\proc\p18f4550.asm
               ADCON1bits   0x000fc1       data     extern E:\3.46\pic18-lt\cxx-framework\src\traditional\proc\p18f4550.asm
                   ADCON1   0x000fc1       data     extern E:\3.46\pic18-lt\cxx-framework\src\traditional\proc\p18f4550.asm
               ADCON0bits   0x000fc2       data     extern E:\3.46\pic18-lt\cxx-framework\src\traditional\proc\p18f4550.asm
                   ADCON0   0x000fc2       data     extern E:\3.46\pic18-lt\cxx-framework\src\traditional\proc\p18f4550.asm
                    ADRES   0x000fc3       data     extern E:\3.46\pic18-lt\cxx-framework\src\traditional\proc\p18f4550.asm
                   ADRESL   0x000fc3       data     extern E:\3.46\pic18-lt\cxx-framework\src\traditional\proc\p18f4550.asm
                   ADRESH   0x000fc4       data     extern E:\3.46\pic18-lt\cxx-framework\src\traditional\proc\p18f4550.asm
                  SSPCON2   0x000fc5       data     extern E:\3.46\pic18-lt\cxx-framework\src\traditional\proc\p18f4550.asm
              SSPCON2bits   0x000fc5       data     extern E:\3.46\pic18-lt\cxx-framework\src\traditional\proc\p18f4550.asm
                  SSPCON1   0x000fc6       data     extern E:\3.46\pic18-lt\cxx-framework\src\traditional\proc\p18f4550.asm
              SSPCON1bits   0x000fc6       data     extern E:\3.46\pic18-lt\cxx-framework\src\traditional\proc\p18f4550.asm
              SSPSTATbits   0x000fc7       data     extern E:\3.46\pic18-lt\cxx-framework\src\traditional\proc\p18f4550.asm
                  SSPSTAT   0x000fc7       data     extern E:\3.46\pic18-lt\cxx-framework\src\traditional\proc\p18f4550.asm
                   SSPADD   0x000fc8       data     extern E:\3.46\pic18-lt\cxx-framework\src\traditional\proc\p18f4550.asm
                   SSPBUF   0x000fc9       data     extern E:\3.46\pic18-lt\cxx-framework\src\traditional\proc\p18f4550.asm
                    T2CON   0x000fca       data     extern E:\3.46\pic18-lt\cxx-framework\src\traditional\proc\p18f4550.asm
                T2CONbits   0x000fca       data     extern E:\3.46\pic18-lt\cxx-framework\src\traditional\proc\p18f4550.asm
                      PR2   0x000fcb       data     extern E:\3.46\pic18-lt\cxx-framework\src\traditional\proc\p18f4550.asm
                     TMR2   0x000fcc       data     extern E:\3.46\pic18-lt\cxx-framework\src\traditional\proc\p18f4550.asm
                    T1CON   0x000fcd       data     extern E:\3.46\pic18-lt\cxx-framework\src\traditional\proc\p18f4550.asm
                T1CONbits   0x000fcd       data     extern E:\3.46\pic18-lt\cxx-framework\src\traditional\proc\p18f4550.asm
                    TMR1L   0x000fce       data     extern E:\3.46\pic18-lt\cxx-framework\src\traditional\proc\p18f4550.asm
                    TMR1H   0x000fcf       data     extern E:\3.46\pic18-lt\cxx-framework\src\traditional\proc\p18f4550.asm
                     RCON   0x000fd0       data     extern E:\3.46\pic18-lt\cxx-framework\src\traditional\proc\p18f4550.asm
                 RCONbits   0x000fd0       data     extern E:\3.46\pic18-lt\cxx-framework\src\traditional\proc\p18f4550.asm
               WDTCONbits   0x000fd1       data     extern E:\3.46\pic18-lt\cxx-framework\src\traditional\proc\p18f4550.asm
                   WDTCON   0x000fd1       data     extern E:\3.46\pic18-lt\cxx-framework\src\traditional\proc\p18f4550.asm
                   LVDCON   0x000fd2       data     extern E:\3.46\pic18-lt\cxx-framework\src\traditional\proc\p18f4550.asm
              HLVDCONbits   0x000fd2       data     extern E:\3.46\pic18-lt\cxx-framework\src\traditional\proc\p18f4550.asm
               LVDCONbits   0x000fd2       data     extern E:\3.46\pic18-lt\cxx-framework\src\traditional\proc\p18f4550.asm
                  HLVDCON   0x000fd2       data     extern E:\3.46\pic18-lt\cxx-framework\src\traditional\proc\p18f4550.asm
               OSCCONbits   0x000fd3       data     extern E:\3.46\pic18-lt\cxx-framework\src\traditional\proc\p18f4550.asm
                   OSCCON   0x000fd3       data     extern E:\3.46\pic18-lt\cxx-framework\src\traditional\proc\p18f4550.asm
                T0CONbits   0x000fd5       data     extern E:\3.46\pic18-lt\cxx-framework\src\traditional\proc\p18f4550.asm
                    T0CON   0x000fd5       data     extern E:\3.46\pic18-lt\cxx-framework\src\traditional\proc\p18f4550.asm
                    TMR0L   0x000fd6       data     extern E:\3.46\pic18-lt\cxx-framework\src\traditional\proc\p18f4550.asm
                    TMR0H   0x000fd7       data     extern E:\3.46\pic18-lt\cxx-framework\src\traditional\proc\p18f4550.asm
               STATUSbits   0x000fd8       data     extern E:\3.46\pic18-lt\cxx-framework\src\traditional\proc\p18f4550.asm
                   STATUS   0x000fd8       data     extern E:\3.46\pic18-lt\cxx-framework\src\traditional\proc\p18f4550.asm
                    FSR2L   0x000fd9       data     extern E:\3.46\pic18-lt\cxx-framework\src\traditional\proc\p18f4550.asm
                     FSR2   0x000fd9       data     extern E:\3.46\pic18-lt\cxx-framework\src\traditional\proc\p18f4550.asm
                    FSR2H   0x000fda       data     extern E:\3.46\pic18-lt\cxx-framework\src\traditional\proc\p18f4550.asm
                   PLUSW2   0x000fdb       data     extern E:\3.46\pic18-lt\cxx-framework\src\traditional\proc\p18f4550.asm
                  PREINC2   0x000fdc       data     extern E:\3.46\pic18-lt\cxx-framework\src\traditional\proc\p18f4550.asm
                 POSTDEC2   0x000fdd       data     extern E:\3.46\pic18-lt\cxx-framework\src\traditional\proc\p18f4550.asm
                 POSTINC2   0x000fde       data     extern E:\3.46\pic18-lt\cxx-framework\src\traditional\proc\p18f4550.asm
                    INDF2   0x000fdf       data     extern E:\3.46\pic18-lt\cxx-framework\src\traditional\proc\p18f4550.asm
                      BSR   0x000fe0       data     extern E:\3.46\pic18-lt\cxx-framework\src\traditional\proc\p18f4550.asm
                     FSR1   0x000fe1       data     extern E:\3.46\pic18-lt\cxx-framework\src\traditional\proc\p18f4550.asm
                    FSR1L   0x000fe1       data     extern E:\3.46\pic18-lt\cxx-framework\src\traditional\proc\p18f4550.asm
                    FSR1H   0x000fe2       data     extern E:\3.46\pic18-lt\cxx-framework\src\traditional\proc\p18f4550.asm
                   PLUSW1   0x000fe3       data     extern E:\3.46\pic18-lt\cxx-framework\src\traditional\proc\p18f4550.asm
                  PREINC1   0x000fe4       data     extern E:\3.46\pic18-lt\cxx-framework\src\traditional\proc\p18f4550.asm
                 POSTDEC1   0x000fe5       data     extern E:\3.46\pic18-lt\cxx-framework\src\traditional\proc\p18f4550.asm
                 POSTINC1   0x000fe6       data     extern E:\3.46\pic18-lt\cxx-framework\src\traditional\proc\p18f4550.asm
                    INDF1   0x000fe7       data     extern E:\3.46\pic18-lt\cxx-framework\src\traditional\proc\p18f4550.asm
                     WREG   0x000fe8       data     extern E:\3.46\pic18-lt\cxx-framework\src\traditional\proc\p18f4550.asm
                     FSR0   0x000fe9       data     extern E:\3.46\pic18-lt\cxx-framework\src\traditional\proc\p18f4550.asm
                    FSR0L   0x000fe9       data     extern E:\3.46\pic18-lt\cxx-framework\src\traditional\proc\p18f4550.asm
                    FSR0H   0x000fea       data     extern E:\3.46\pic18-lt\cxx-framework\src\traditional\proc\p18f4550.asm
                   PLUSW0   0x000feb       data     extern E:\3.46\pic18-lt\cxx-framework\src\traditional\proc\p18f4550.asm
                  PREINC0   0x000fec       data     extern E:\3.46\pic18-lt\cxx-framework\src\traditional\proc\p18f4550.asm
                 POSTDEC0   0x000fed       data     extern E:\3.46\pic18-lt\cxx-framework\src\traditional\proc\p18f4550.asm
                 POSTINC0   0x000fee       data     extern E:\3.46\pic18-lt\cxx-framework\src\traditional\proc\p18f4550.asm
                    INDF0   0x000fef       data     extern E:\3.46\pic18-lt\cxx-framework\src\traditional\proc\p18f4550.asm
                  INTCON3   0x000ff0       data     extern E:\3.46\pic18-lt\cxx-framework\src\traditional\proc\p18f4550.asm
              INTCON3bits   0x000ff0       data     extern E:\3.46\pic18-lt\cxx-framework\src\traditional\proc\p18f4550.asm
              INTCON2bits   0x000ff1       data     extern E:\3.46\pic18-lt\cxx-framework\src\traditional\proc\p18f4550.asm
                  INTCON2   0x000ff1       data     extern E:\3.46\pic18-lt\cxx-framework\src\traditional\proc\p18f4550.asm
                   INTCON   0x000ff2       data     extern E:\3.46\pic18-lt\cxx-framework\src\traditional\proc\p18f4550.asm
               INTCONbits   0x000ff2       data     extern E:\3.46\pic18-lt\cxx-framework\src\traditional\proc\p18f4550.asm
                     PROD   0x000ff3       data     extern E:\3.46\pic18-lt\cxx-framework\src\traditional\proc\p18f4550.asm
                    PRODL   0x000ff3       data     extern E:\3.46\pic18-lt\cxx-framework\src\traditional\proc\p18f4550.asm
                    PRODH   0x000ff4       data     extern E:\3.46\pic18-lt\cxx-framework\src\traditional\proc\p18f4550.asm
                   TABLAT   0x000ff5       data     extern E:\3.46\pic18-lt\cxx-framework\src\traditional\proc\p18f4550.asm
                   TBLPTR   0x000ff6       data     extern E:\3.46\pic18-lt\cxx-framework\src\traditional\proc\p18f4550.asm
                  TBLPTRL   0x000ff6       data     extern E:\3.46\pic18-lt\cxx-framework\src\traditional\proc\p18f4550.asm
                  TBLPTRH   0x000ff7       data     extern E:\3.46\pic18-lt\cxx-framework\src\traditional\proc\p18f4550.asm
                  TBLPTRU   0x000ff8       data     extern E:\3.46\pic18-lt\cxx-framework\src\traditional\proc\p18f4550.asm
                      PCL   0x000ff9       data     extern E:\3.46\pic18-lt\cxx-framework\src\traditional\proc\p18f4550.asm
                       PC   0x000ff9       data     extern E:\3.46\pic18-lt\cxx-framework\src\traditional\proc\p18f4550.asm
                   PCLATH   0x000ffa       data     extern E:\3.46\pic18-lt\cxx-framework\src\traditional\proc\p18f4550.asm
                   PCLATU   0x000ffb       data     extern E:\3.46\pic18-lt\cxx-framework\src\traditional\proc\p18f4550.asm
               STKPTRbits   0x000ffc       data     extern E:\3.46\pic18-lt\cxx-framework\src\traditional\proc\p18f4550.asm
                   STKPTR   0x000ffc       data     extern E:\3.46\pic18-lt\cxx-framework\src\traditional\proc\p18f4550.asm
                      TOS   0x000ffd       data     extern E:\3.46\pic18-lt\cxx-framework\src\traditional\proc\p18f4550.asm
                     TOSL   0x000ffd       data     extern E:\3.46\pic18-lt\cxx-framework\src\traditional\proc\p18f4550.asm
                     TOSH   0x000ffe       data     extern E:\3.46\pic18-lt\cxx-framework\src\traditional\proc\p18f4550.asm
                     TOSU   0x000fff       data     extern E:\3.46\pic18-lt\cxx-framework\src\traditional\proc\p18f4550.asm


